\BOOKMARK [0][-]{section*.5}{\376\377\000L\000i\000s\000t\000a\000\040\000d\000e\000\040\000A\000b\000r\000e\000v\000i\000a\000t\000u\000r\000a\000s\000\040\000e\000\040\000T\000e\000r\000m\000o\000s}{}% 1
\BOOKMARK [0][-]{section*.7}{\376\377\000L\000i\000s\000t\000a\000\040\000d\000e\000\040\000F\000i\000g\000u\000r\000a\000s}{}% 2
\BOOKMARK [0][-]{section*.9}{\376\377\000L\000i\000s\000t\000a\000\040\000d\000e\000\040\000T\000a\000b\000e\000l\000a\000s}{}% 3
\BOOKMARK [0][-]{chapter.1}{\376\377\000I\000n\000t\000r\000o\000d\000u\000\347\000\343\000o}{}% 4
\BOOKMARK [1][-]{section.1.1}{\376\377\000E\000n\000q\000u\000a\000d\000r\000a\000m\000e\000n\000t\000o}{chapter.1}% 5
\BOOKMARK [1][-]{section.1.2}{\376\377\000M\000o\000t\000i\000v\000a\000\347\000\343\000o}{chapter.1}% 6
\BOOKMARK [1][-]{section.1.3}{\376\377\000O\000b\000j\000e\000t\000i\000v\000o\000s}{chapter.1}% 7
\BOOKMARK [1][-]{section.1.4}{\376\377\000M\000e\000t\000o\000d\000o\000l\000o\000g\000i\000a}{chapter.1}% 8
\BOOKMARK [1][-]{section.1.5}{\376\377\000O\000r\000g\000a\000n\000i\000z\000a\000\347\000\343\000o\000\040\000d\000o\000\040\000r\000e\000l\000a\000t\000\363\000r\000i\000o}{chapter.1}% 9
\BOOKMARK [0][-]{chapter.2}{\376\377\000E\000s\000t\000a\000d\000o\000\040\000d\000a\000\040\000A\000r\000t\000e}{}% 10
\BOOKMARK [1][-]{section.2.1}{\376\377\000B\000r\000o\000n\000c\000o\000s\000c\000o\000p\000i\000a\000\040\000e\000\040\000t\000r\000e\000i\000n\000o\000\040\000p\000o\000r\000\040\000s\000i\000m\000u\000l\000a\000\347\000\343\000o}{chapter.2}% 11
\BOOKMARK [1][-]{section.2.2}{\376\377\000F\000i\000d\000e\000l\000i\000d\000a\000d\000e\000\040\000d\000o\000s\000\040\000s\000i\000m\000u\000l\000a\000d\000o\000r\000e\000s}{chapter.2}% 12
\BOOKMARK [1][-]{section.2.3}{\376\377\000S\000i\000m\000u\000l\000a\000d\000o\000r\000e\000s\000\040\000d\000e\000\040\000b\000r\000o\000n\000c\000o\000s\000c\000o\000p\000i\000a}{chapter.2}% 13
\BOOKMARK [1][-]{section.2.4}{\376\377\000I\000m\000p\000r\000e\000s\000s\000\343\000o\000\040\0003\000D\000\040\000a\000p\000l\000i\000c\000a\000d\000a\000\040\000\340\000\040\000s\000i\000m\000u\000l\000a\000\347\000\343\000o\000\040\000m\000\351\000d\000i\000c\000a}{chapter.2}% 14
\BOOKMARK [2][-]{subsection.2.4.1}{\376\377\000T\000\351\000c\000n\000i\000c\000a\000s\000\040\000d\000e\000\040\000i\000m\000p\000r\000e\000s\000s\000\343\000o\000\040\0003\000D}{section.2.4}% 15
\BOOKMARK [2][-]{subsection.2.4.2}{\376\377\000A\000p\000l\000i\000c\000a\000\347\000\343\000o\000\040\000e\000m\000\040\000s\000i\000m\000u\000l\000a\000d\000o\000r\000e\000s\000\040\000d\000e\000\040\000\341\000r\000v\000o\000r\000e\000s\000\040\000b\000r\000\364\000n\000q\000u\000i\000c\000a\000s}{section.2.4}% 16
\BOOKMARK [1][-]{section.2.5}{\376\377\000M\000o\000v\000i\000m\000e\000n\000t\000o\000s\000\040\000o\000b\000s\000e\000r\000v\000\341\000v\000e\000i\000s\000\040\000d\000u\000r\000a\000n\000t\000e\000\040\000a\000\040\000b\000r\000o\000n\000c\000o\000s\000c\000o\000p\000i\000a}{chapter.2}% 17
\BOOKMARK [2][-]{subsection.2.5.1}{\376\377\000M\000o\000v\000i\000m\000e\000n\000t\000o\000\040\000r\000e\000s\000p\000i\000r\000a\000t\000\363\000r\000i\000o}{section.2.5}% 18
\BOOKMARK [2][-]{subsection.2.5.2}{\376\377\000M\000o\000v\000i\000m\000e\000n\000t\000o\000\040\000c\000a\000r\000d\000\355\000a\000c\000o}{section.2.5}% 19
\BOOKMARK [2][-]{subsection.2.5.3}{\376\377\000T\000o\000s\000s\000e\000\040\000e\000\040\000p\000e\000r\000t\000u\000r\000b\000a\000\347\000\365\000e\000s\000\040\000r\000\341\000p\000i\000d\000a\000s}{section.2.5}% 20
\BOOKMARK [2][-]{subsection.2.5.4}{\376\377\000I\000n\000t\000e\000r\000a\000\347\000\343\000o\000\040\000c\000o\000m\000\040\000o\000\040\000b\000r\000o\000n\000c\000o\000s\000c\000\363\000p\000i\000o}{section.2.5}% 21
\BOOKMARK [2][-]{subsection.2.5.5}{\376\377\000P\000a\000t\000o\000l\000o\000g\000i\000a\000s\000\040\000e\000\040\000d\000e\000f\000o\000r\000m\000a\000\347\000\365\000e\000s\000\040\000l\000o\000c\000a\000i\000s}{section.2.5}% 22
\BOOKMARK [1][-]{section.2.6}{\376\377\000S\000\355\000n\000t\000e\000s\000e\000\040\000c\000r\000\355\000t\000i\000c\000a}{chapter.2}% 23
\BOOKMARK [0][-]{chapter.3}{\376\377\000D\000e\000s\000e\000n\000v\000o\000l\000v\000i\000m\000e\000n\000t\000o\000\040\000d\000o\000\040\000H\000a\000r\000d\000w\000a\000r\000e}{}% 24
\BOOKMARK [1][-]{section.3.1}{\376\377\000R\000e\000q\000u\000i\000s\000i\000t\000o\000s\000\040\000d\000o\000\040\000s\000i\000s\000t\000e\000m\000a}{chapter.3}% 25
\BOOKMARK [1][-]{section.3.2}{\376\377\000I\000m\000p\000r\000e\000s\000s\000\343\000o\000\040\0003\000D\000\040\000d\000a\000\040\000\341\000r\000v\000o\000r\000e\000\040\000b\000r\000\364\000n\000q\000u\000i\000c\000a}{chapter.3}% 26
\BOOKMARK [2][-]{subsection.3.2.1}{\376\377\000D\000a\000\040\000t\000o\000m\000o\000g\000r\000a\000f\000i\000a\000\040\000a\000o\000\040\000m\000o\000d\000e\000l\000o\000\040\000S\000T\000L}{section.3.2}% 27
\BOOKMARK [2][-]{subsection.3.2.2}{\376\377\000P\000r\000o\000g\000r\000a\000m\000a\000s\000\040\000u\000t\000i\000l\000i\000z\000a\000d\000o\000s\000\040\000n\000o\000\040\000t\000r\000a\000t\000a\000m\000e\000n\000t\000o\000\040\000d\000o\000\040\000m\000o\000d\000e\000l\000o}{section.3.2}% 28
\BOOKMARK [2][-]{subsection.3.2.3}{\376\377\000S\000e\000l\000e\000\347\000\343\000o\000\040\000d\000e\000\040\000m\000a\000t\000e\000r\000i\000a\000i\000s}{section.3.2}% 29
\BOOKMARK [2][-]{subsection.3.2.4}{\376\377\000D\000i\000s\000p\000o\000s\000i\000\347\000\343\000o\000\040\000d\000o\000\040\000m\000o\000d\000e\000l\000o\000\040\000p\000a\000r\000a\000\040\000i\000m\000p\000r\000e\000s\000s\000\343\000o}{section.3.2}% 30
\BOOKMARK [2][-]{subsection.3.2.5}{\376\377\000E\000v\000o\000l\000u\000\347\000\343\000o\000\040\000d\000o\000\040\000p\000r\000o\000c\000e\000s\000s\000o\000\040\000d\000e\000\040\000i\000m\000p\000r\000e\000s\000s\000\343\000o\000\040\0003\000D}{section.3.2}% 31
\BOOKMARK [1][-]{section.3.3}{\376\377\000S\000e\000l\000e\000\347\000\343\000o\000\040\000d\000o\000\040\000s\000i\000s\000t\000e\000m\000a\000\040\000d\000e\000\040\000a\000t\000u\000a\000\347\000\343\000o}{chapter.3}% 32
\BOOKMARK [1][-]{section.3.4}{\376\377\000E\000l\000e\000t\000r\000\363\000n\000i\000c\000a\000\040\000d\000e\000\040\000c\000o\000n\000t\000r\000o\000l\000o\000\040\000e\000\040\000a\000l\000i\000m\000e\000n\000t\000a\000\347\000\343\000o}{chapter.3}% 33
\BOOKMARK [2][-]{subsection.3.4.1}{\376\377\000T\000e\000s\000t\000e\000s\000\040\000i\000n\000i\000c\000i\000a\000i\000s\000\040\000d\000e\000\040\000e\000l\000e\000t\000r\000\363\000n\000i\000c\000a}{section.3.4}% 34
\BOOKMARK [2][-]{subsection.3.4.2}{\376\377\000G\000e\000s\000t\000\343\000o\000\040\000d\000e\000\040\000e\000n\000e\000r\000g\000i\000a\000\040\000d\000o\000\040\000R\000a\000s\000p\000b\000e\000r\000r\000y\000\040\000P\000i}{section.3.4}% 35
\BOOKMARK [2][-]{subsection.3.4.3}{\376\377\000A\000r\000q\000u\000i\000t\000e\000t\000u\000r\000a\000\040\000e\000\040\000d\000i\000m\000e\000n\000s\000i\000o\000n\000a\000m\000e\000n\000t\000o\000\040\000d\000a\000\040\000f\000o\000n\000t\000e\000\040\000d\000e\000\040\000a\000l\000i\000m\000e\000n\000t\000a\000\347\000\343\000o}{section.3.4}% 36
\BOOKMARK [2][-]{subsection.3.4.4}{\376\377\000D\000a\000\040\000p\000r\000o\000t\000o\000b\000o\000a\000r\000d\000\040\000\340\000\040\000P\000C\000B}{section.3.4}% 37
\BOOKMARK [1][-]{section.3.5}{\376\377\000I\000n\000t\000e\000g\000r\000a\000\347\000\343\000o\000\040\000m\000e\000c\000\342\000n\000i\000c\000a}{chapter.3}% 38
\BOOKMARK [0][-]{chapter.4}{\376\377\000D\000e\000s\000e\000n\000v\000o\000l\000v\000i\000m\000e\000n\000t\000o\000s\000\040\000d\000o\000\040\000S\000o\000f\000t\000w\000a\000r\000e\000\040\000e\000\040\000C\000o\000n\000f\000i\000g\000u\000r\000a\000\347\000\365\000e\000s}{}% 39
\BOOKMARK [1][-]{section.4.1}{\376\377\000A\000r\000q\000u\000i\000t\000e\000t\000u\000r\000a\000\040\000g\000e\000r\000a\000l\000\040\000d\000o\000\040\000s\000o\000f\000t\000w\000a\000r\000e\000\040\000e\000\040\000a\000m\000b\000i\000e\000n\000t\000e\000\040\000d\000e\000\040\000d\000e\000s\000e\000n\000v\000o\000l\000v\000i\000m\000e\000n\000t\000o}{chapter.4}% 40
\BOOKMARK [1][-]{section.4.2}{\376\377\000A\000r\000q\000u\000i\000t\000e\000t\000u\000r\000a\000\040\000d\000o\000\040\000f\000i\000r\000m\000w\000a\000r\000e\000\040\000E\000S\000P\0003\0002\000-\000S\0003}{chapter.4}% 41
\BOOKMARK [1][-]{section.4.3}{\376\377\000M\000o\000v\000i\000m\000e\000n\000t\000o\000s\000\040\000r\000e\000p\000r\000e\000s\000e\000n\000t\000a\000d\000o\000s\000\040\000n\000o\000\040\000p\000r\000o\000t\000\363\000t\000i\000p\000o}{chapter.4}% 42
\BOOKMARK [1][-]{section.4.4}{\376\377\000G\000e\000r\000a\000\347\000\343\000o\000\040\000d\000e\000\040\000t\000r\000a\000j\000e\000t\000\363\000r\000i\000a\000s\000\040\000\050\000P\000y\000t\000h\000o\000n\000/\000R\000a\000s\000p\000b\000e\000r\000r\000y\000\040\000P\000i\000\051}{chapter.4}% 43
\BOOKMARK [2][-]{subsection.4.4.1}{\376\377\000D\000e\000s\000e\000n\000v\000o\000l\000v\000i\000m\000e\000n\000t\000o\000\040\000e\000\040\000i\000t\000e\000r\000a\000\347\000\365\000e\000s}{section.4.4}% 44
\BOOKMARK [2][-]{subsection.4.4.2}{\376\377\000M\000\363\000d\000u\000l\000o\000\040\000f\000i\000n\000a\000l}{section.4.4}% 45
\BOOKMARK [1][-]{section.4.5}{\376\377\000E\000s\000t\000r\000u\000t\000u\000r\000a\000s\000\040\000d\000e\000\040\000a\000r\000m\000a\000z\000e\000n\000a\000m\000e\000n\000t\000o\000\040\000d\000e\000\040\000d\000a\000d\000o\000s}{chapter.4}% 46
\BOOKMARK [1][-]{section.4.6}{\376\377\000M\000\341\000q\000u\000i\000n\000a\000s\000\040\000d\000e\000\040\000e\000s\000t\000a\000d\000o\000s\000\040\000e\000\040\000e\000x\000e\000c\000u\000\347\000\343\000o\000\040\000d\000o\000s\000\040\000m\000o\000v\000i\000m\000e\000n\000t\000o\000s}{chapter.4}% 47
\BOOKMARK [2][-]{subsection.4.6.1}{\376\377\000D\000e\000s\000e\000n\000v\000o\000l\000v\000i\000m\000e\000n\000t\000o\000\040\000e\000\040\000i\000t\000e\000r\000a\000\347\000\365\000e\000s}{section.4.6}% 48
\BOOKMARK [2][-]{subsection.4.6.2}{\376\377\000M\000\363\000d\000u\000l\000o\000\040\000f\000i\000n\000a\000l}{section.4.6}% 49
\BOOKMARK [1][-]{section.4.7}{\376\377\000P\000r\000e\000p\000a\000r\000a\000\347\000\343\000o\000\040\000e\000\040\000s\000i\000n\000c\000r\000o\000n\000i\000z\000a\000\347\000\343\000o\000\040\000d\000a\000\040\000t\000o\000s\000s\000e}{chapter.4}% 50
\BOOKMARK [1][-]{section.4.8}{\376\377\000C\000i\000n\000e\000m\000\341\000t\000i\000c\000a\000\040\000i\000n\000v\000e\000r\000s\000a\000\040\000d\000o\000\040\000m\000a\000n\000i\000p\000u\000l\000a\000d\000o\000r\000\040\000d\000e\000l\000t\000a}{chapter.4}% 51
\BOOKMARK [2][-]{subsection.4.8.1}{\376\377\000D\000e\000s\000e\000n\000v\000o\000l\000v\000i\000m\000e\000n\000t\000o\000\040\000e\000\040\000i\000t\000e\000r\000a\000\347\000\365\000e\000s}{section.4.8}% 52
\BOOKMARK [2][-]{subsection.4.8.2}{\376\377\000M\000\363\000d\000u\000l\000o\000\040\000f\000i\000n\000a\000l}{section.4.8}% 53
\BOOKMARK [1][-]{section.4.9}{\376\377\000C\000o\000m\000u\000n\000i\000c\000a\000\347\000\343\000o\000\040\000s\000\351\000r\000i\000e}{chapter.4}% 54
\BOOKMARK [2][-]{subsection.4.9.1}{\376\377\000C\000o\000m\000u\000n\000i\000c\000a\000\347\000\343\000o\000\040\000s\000\351\000r\000i\000e\000\040\000n\000o\000\040\000f\000i\000r\000m\000w\000a\000r\000e\000\040\000\050\000E\000S\000P\0003\0002\000\051}{section.4.9}% 55
\BOOKMARK [3][-]{subsubsection.4.9.1.1}{\376\377\000D\000e\000s\000e\000n\000v\000o\000l\000v\000i\000m\000e\000n\000t\000o\000\040\000e\000\040\000i\000t\000e\000r\000a\000\347\000\365\000e\000s}{subsection.4.9.1}% 56
\BOOKMARK [3][-]{subsubsection.4.9.1.2}{\376\377\000M\000\363\000d\000u\000l\000o\000\040\000f\000i\000n\000a\000l}{subsection.4.9.1}% 57
\BOOKMARK [2][-]{subsection.4.9.2}{\376\377\000C\000o\000m\000u\000n\000i\000c\000a\000\347\000\343\000o\000\040\000s\000\351\000r\000i\000e\000\040\000n\000o\000\040\000P\000y\000t\000h\000o\000n\000\040\000\050\000R\000a\000s\000p\000b\000e\000r\000r\000y\000\040\000P\000i\000\051}{section.4.9}% 58
\BOOKMARK [1][-]{section.4.10}{\376\377\000I\000n\000t\000e\000r\000f\000a\000c\000e\000\040\000H\000M\000I}{chapter.4}% 59
\BOOKMARK [2][-]{subsection.4.10.1}{\376\377\000E\000s\000c\000o\000l\000h\000a\000\040\000d\000a\000\040\000t\000e\000c\000n\000o\000l\000o\000g\000i\000a\000\040\000e\000\040\000e\000v\000o\000l\000u\000\347\000\343\000o\000\040\000a\000t\000\351\000\040\000\340\000\040\000v\000e\000r\000s\000\343\000o\000\040\000a\000t\000u\000a\000l}{section.4.10}% 60
\BOOKMARK [2][-]{subsection.4.10.2}{\376\377\000A\000r\000q\000u\000i\000t\000e\000t\000u\000r\000a\000\040\000d\000a\000\040\000a\000p\000l\000i\000c\000a\000\347\000\343\000o\000\040\000f\000i\000n\000a\000l}{section.4.10}% 61
\BOOKMARK [2][-]{subsection.4.10.3}{\376\377\000F\000u\000n\000c\000i\000o\000n\000a\000l\000i\000d\000a\000d\000e\000s\000\040\000p\000r\000i\000n\000c\000i\000p\000a\000i\000s}{section.4.10}% 62
\BOOKMARK [2][-]{subsection.4.10.4}{\376\377\000C\000o\000n\000f\000i\000g\000u\000r\000a\000\347\000\365\000e\000s\000\040\000d\000e\000\040\000m\000o\000v\000i\000m\000e\000n\000t\000o\000s}{section.4.10}% 63
\BOOKMARK [0][-]{chapter.5}{\376\377\000T\000e\000s\000t\000e\000s\000\040\000e\000\040\000A\000n\000\341\000l\000i\000s\000e\000\040\000d\000e\000\040\000R\000e\000s\000u\000l\000t\000a\000d\000o\000s}{}% 64
\BOOKMARK [1][-]{section.5.1}{\376\377\000T\000e\000s\000t\000e\000\040\000d\000e\000\040\000L\000a\000b\000o\000r\000a\000t\000\363\000r\000i\000o}{chapter.5}% 65
\BOOKMARK [1][-]{section.5.2}{\376\377\000T\000e\000s\000t\000e\000s\000\040\000c\000l\000\355\000n\000i\000c\000o\000s}{chapter.5}% 66
\BOOKMARK [0][-]{chapter.6}{\376\377\000C\000o\000n\000c\000l\000u\000s\000\343\000o}{}% 67
\BOOKMARK [1][-]{section.6.1}{\376\377\000S\000\355\000n\000t\000e\000s\000e\000\040\000d\000o\000\040\000t\000r\000a\000b\000a\000l\000h\000o}{chapter.6}% 68
\BOOKMARK [1][-]{section.6.2}{\376\377\000L\000i\000m\000i\000t\000a\000\347\000\365\000e\000s}{chapter.6}% 69
\BOOKMARK [1][-]{section.6.3}{\376\377\000T\000r\000a\000b\000a\000l\000h\000o\000\040\000f\000u\000t\000u\000r\000o}{chapter.6}% 70
\BOOKMARK [0][-]{chapter*.110}{\376\377\000B\000i\000b\000l\000i\000o\000g\000r\000a\000f\000i\000a}{}% 71
\BOOKMARK [0][-]{section*.111}{\376\377\000A\000n\000e\000x\000o\000s}{}% 72
\BOOKMARK [1][-]{section*.113}{\376\377\000C\000\363\000d\000i\000g\000o\000\040\000d\000o\000\040\000f\000i\000r\000m\000w\000a\000r\000e\000\040\000E\000S\000P\0003\0002\000-\000S\0003}{section*.111}% 73
