This is pdfTeX, Version 3.141592653-2.6-1.40.28 (MiKTeX 25.12) (preloaded format=pdflatex 2026.6.13)  14 JUL 2026 23:47
entering extended mode
 restricted \write18 enabled.
 %&-line parsing enabled.
**./main.tex
(main.tex
LaTeX2e <2025-11-01>
L3 programming layer <2025-12-24>
(C:\Users\jpedr\AppData\Local\Programs\MiKTeX\tex/latex/base\report.cls
Document Class: report 2025/01/22 v1.4n Standard LaTeX document class
(C:\Users\jpedr\AppData\Local\Programs\MiKTeX\tex/latex/base\size12.clo
File: size12.clo 2025/01/22 v1.4n Standard LaTeX file (size option)
)
\c@part=\count275
\c@chapter=\count276
\c@section=\count277
\c@subsection=\count278
\c@subsubsection=\count279
\c@paragraph=\count280
\c@subparagraph=\count281
\c@figure=\count282
\c@table=\count283
\abovecaptionskip=\skip49
\belowcaptionskip=\skip50
\bibindent=\dimen148
)
(C:\Users\jpedr\AppData\Local\Programs\MiKTeX\tex/latex/base\inputenc.sty
Package: inputenc 2024/02/08 v1.3d Input encoding file
\inpenc@prehook=\toks17
\inpenc@posthook=\toks18
)
(C:\Users\jpedr\AppData\Local\Programs\MiKTeX\tex/latex/lm\lmodern.sty
Package: lmodern 2015/05/01 v1.6.1 Latin Modern Fonts
LaTeX Font Info:    Overwriting symbol font `operators' in version `normal'
(Font)                  OT1/cmr/m/n --> OT1/lmr/m/n on input line 22.
LaTeX Font Info:    Overwriting symbol font `letters' in version `normal'
(Font)                  OML/cmm/m/it --> OML/lmm/m/it on input line 23.
LaTeX Font Info:    Overwriting symbol font `symbols' in version `normal'
(Font)                  OMS/cmsy/m/n --> OMS/lmsy/m/n on input line 24.
LaTeX Font Info:    Overwriting symbol font `largesymbols' in version `normal'
(Font)                  OMX/cmex/m/n --> OMX/lmex/m/n on input line 25.
LaTeX Font Info:    Overwriting symbol font `operators' in version `bold'
(Font)                  OT1/cmr/bx/n --> OT1/lmr/bx/n on input line 26.
LaTeX Font Info:    Overwriting symbol font `letters' in version `bold'
(Font)                  OML/cmm/b/it --> OML/lmm/b/it on input line 27.
LaTeX Font Info:    Overwriting symbol font `symbols' in version `bold'
(Font)                  OMS/cmsy/b/n --> OMS/lmsy/b/n on input line 28.
LaTeX Font Info:    Overwriting symbol font `largesymbols' in version `bold'
(Font)                  OMX/cmex/m/n --> OMX/lmex/m/n on input line 29.
LaTeX Font Info:    Overwriting math alphabet `\mathbf' in version `normal'
(Font)                  OT1/cmr/bx/n --> OT1/lmr/bx/n on input line 31.
LaTeX Font Info:    Overwriting math alphabet `\mathsf' in version `normal'
(Font)                  OT1/cmss/m/n --> OT1/lmss/m/n on input line 32.
LaTeX Font Info:    Overwriting math alphabet `\mathit' in version `normal'
(Font)                  OT1/cmr/m/it --> OT1/lmr/m/it on input line 33.
LaTeX Font Info:    Overwriting math alphabet `\mathtt' in version `normal'
(Font)                  OT1/cmtt/m/n --> OT1/lmtt/m/n on input line 34.
LaTeX Font Info:    Overwriting math alphabet `\mathbf' in version `bold'
(Font)                  OT1/cmr/bx/n --> OT1/lmr/bx/n on input line 35.
LaTeX Font Info:    Overwriting math alphabet `\mathsf' in version `bold'
(Font)                  OT1/cmss/bx/n --> OT1/lmss/bx/n on input line 36.
LaTeX Font Info:    Overwriting math alphabet `\mathit' in version `bold'
(Font)                  OT1/cmr/bx/it --> OT1/lmr/bx/it on input line 37.
LaTeX Font Info:    Overwriting math alphabet `\mathtt' in version `bold'
(Font)                  OT1/cmtt/m/n --> OT1/lmtt/m/n on input line 38.
)
(C:\Users\jpedr\AppData\Local\Programs\MiKTeX\tex/generic/babel\babel.sty
Package: babel 2025/12/11 v25.17 The multilingual framework for LuaLaTeX, pdfLa
TeX and XeLaTeX
\babel@savecnt=\count284
LaTeX Encoding Info:    Redeclaring text command \ij (encoding OT1) on input li
ne 2068.
LaTeX Encoding Info:    Redeclaring text command \IJ (encoding OT1) on input li
ne 2070.
LaTeX Encoding Info:    Redeclaring text command \ij (encoding T1) on input lin
e 2072.
LaTeX Encoding Info:    Redeclaring text command \IJ (encoding T1) on input lin
e 2073.
LaTeX Encoding Info:    Ignoring declaration for text command \ij (encoding ?) 
on input line 2074.
LaTeX Encoding Info:    Ignoring declaration for text command \IJ (encoding ?) 
on input line 2076.
LaTeX Encoding Info:    Ignoring declaration for text command \SS (encoding ?) 
on input line 2101.
\U@D=\dimen149
\l@unhyphenated=\language79

(C:\Users\jpedr\AppData\Local\Programs\MiKTeX\tex/generic/babel\txtbabel.def)
\bbl@readstream=\read2
\bbl@dirlevel=\count285
Package babel Info: Configuration files are deprecated, as
(babel)             they can break document portability.
(babel)             Reported on input line 4196.

*************************************
* Local config file bblopts.cfg used
*
(C:\Users\jpedr\AppData\Local\Programs\MiKTeX\tex/latex/arabi\bblopts.cfg
File: bblopts.cfg 2005/09/08 v0.1 add Arabic and Farsi to "declared" options of
 babel
)
(C:\Users\jpedr\AppData\Local\Programs\MiKTeX\tex/generic/babel/locale/pt\babel
-portuguese.tex)
Package babel Info: Importing font and identification data for portuguese
(babel)             from babel-pt.ini. Reported on input line 4320.

(C:\Users\jpedr\AppData\Local\Programs\MiKTeX\tex/latex/babel-portuges\portugue
se.ldf
Language: portuges 2026/01/24 v1.2u Portuguese support from the babel system
Package babel Info: Making " an active character on input line 132.
))
(C:\Users\jpedr\AppData\Local\Programs\MiKTeX\tex/latex/csquotes\csquotes.sty
Package: csquotes 2026-05-19 v5.2p context-sensitive quotations (JAW)

(C:\Users\jpedr\AppData\Local\Programs\MiKTeX\tex/latex/etoolbox\etoolbox.sty
Package: etoolbox 2025/10/02 v2.5m e-TeX tools for LaTeX (JAW)
\etb@tempcnta=\count286
)
(C:\Users\jpedr\AppData\Local\Programs\MiKTeX\tex/latex/graphics\keyval.sty
Package: keyval 2022/05/29 v1.15 key=value parser (DPC)
\KV@toks@=\toks19
)
\csq@reset=\count287
\csq@gtype=\count288
\csq@glevel=\count289
\csq@qlevel=\count290
\csq@maxlvl=\count291
\csq@tshold=\count292
\csq@ltx@everypar=\toks20

(C:\Users\jpedr\AppData\Local\Programs\MiKTeX\tex/latex/csquotes\csquotes.def
File: csquotes.def 2026-05-19 v5.2p csquotes generic definitions (JAW)
)
Package csquotes Info: Trying to load configuration file 'csquotes.cfg'...
Package csquotes Info: ... configuration file loaded successfully.

(C:\Users\jpedr\AppData\Local\Programs\MiKTeX\tex/latex/csquotes\csquotes.cfg
File: csquotes.cfg 
)) (C:\Users\jpedr\AppData\Local\Programs\MiKTeX\tex/latex/geometry\geometry.st
y
Package: geometry 2026/03/07 v6.0 Page Geometry

(C:\Users\jpedr\AppData\Local\Programs\MiKTeX\tex/generic/iftex\ifvtex.sty
Package: ifvtex 2019/10/25 v1.7 ifvtex legacy package. Use iftex instead.

(C:\Users\jpedr\AppData\Local\Programs\MiKTeX\tex/generic/iftex\iftex.sty
Package: iftex 2024/12/12 v1.0g TeX engine tests
))
\Gm@cnth=\count293
\Gm@cntv=\count294
\c@Gm@tempcnt=\count295
\Gm@bindingoffset=\dimen150
\Gm@wd@mp=\dimen151
\Gm@odd@mp=\dimen152
\Gm@even@mp=\dimen153
\Gm@layoutwidth=\dimen154
\Gm@layoutheight=\dimen155
\Gm@layouthoffset=\dimen156
\Gm@layoutvoffset=\dimen157
\Gm@dimlist=\toks21

(C:\Users\jpedr\AppData\Local\Programs\MiKTeX\tex/latex/geometry\geometry.cfg))
(C:\Users\jpedr\AppData\Local\Programs\MiKTeX\tex/latex/setspace\setspace.sty
Package: setspace 2022/12/04 v6.7b set line spacing
)
(C:\Users\jpedr\AppData\Local\Programs\MiKTeX\tex/latex/graphics\graphicx.sty
Package: graphicx 2024/12/31 v1.2e Enhanced LaTeX Graphics (DPC,SPQR)

(C:\Users\jpedr\AppData\Local\Programs\MiKTeX\tex/latex/graphics\graphics.sty
Package: graphics 2024/08/06 v1.4g Standard LaTeX Graphics (DPC,SPQR)

(C:\Users\jpedr\AppData\Local\Programs\MiKTeX\tex/latex/graphics\trig.sty
Package: trig 2023/12/02 v1.11 sin cos tan (DPC)
)
(C:\Users\jpedr\AppData\Local\Programs\MiKTeX\tex/latex/graphics-cfg\graphics.c
fg
File: graphics.cfg 2016/06/04 v1.11 sample graphics configuration
)
Package graphics Info: Driver file: pdftex.def on input line 106.

(C:\Users\jpedr\AppData\Local\Programs\MiKTeX\tex/latex/graphics-def\pdftex.def
File: pdftex.def 2025/09/29 v1.2d Graphics/color driver for pdftex
))
\Gin@req@height=\dimen158
\Gin@req@width=\dimen159
) (C:\Users\jpedr\AppData\Local\Programs\MiKTeX\tex/latex/xcolor\xcolor.sty
Package: xcolor 2024/09/29 v3.02 LaTeX color extensions (UK)

(C:\Users\jpedr\AppData\Local\Programs\MiKTeX\tex/latex/graphics-cfg\color.cfg
File: color.cfg 2016/01/02 v1.6 sample color configuration
)
Package xcolor Info: Driver file: pdftex.def on input line 274.
(C:\Users\jpedr\AppData\Local\Programs\MiKTeX\tex/latex/graphics\mathcolor.ltx)
Package xcolor Info: Model `cmy' substituted by `cmy0' on input line 1349.
Package xcolor Info: Model `hsb' substituted by `rgb' on input line 1353.
Package xcolor Info: Model `RGB' extended on input line 1365.
Package xcolor Info: Model `HTML' substituted by `rgb' on input line 1367.
Package xcolor Info: Model `Hsb' substituted by `hsb' on input line 1368.
Package xcolor Info: Model `tHsb' substituted by `hsb' on input line 1369.
Package xcolor Info: Model `HSB' substituted by `hsb' on input line 1370.
Package xcolor Info: Model `Gray' substituted by `gray' on input line 1371.
Package xcolor Info: Model `wave' substituted by `hsb' on input line 1372.
) (C:\Users\jpedr\AppData\Local\Programs\MiKTeX\tex/latex/booktabs\booktabs.sty
Package: booktabs 2020/01/12 v1.61803398 Publication quality tables
\heavyrulewidth=\dimen160
\lightrulewidth=\dimen161
\cmidrulewidth=\dimen162
\belowrulesep=\dimen163
\belowbottomsep=\dimen164
\aboverulesep=\dimen165
\abovetopsep=\dimen166
\cmidrulesep=\dimen167
\cmidrulekern=\dimen168
\defaultaddspace=\dimen169
\@cmidla=\count296
\@cmidlb=\count297
\@aboverulesep=\dimen170
\@belowrulesep=\dimen171
\@thisruleclass=\count298
\@lastruleclass=\count299
\@thisrulewidth=\dimen172
) (C:\Users\jpedr\AppData\Local\Programs\MiKTeX\tex/latex/tools\array.sty
Package: array 2025/09/25 v2.6n Tabular extension package (FMi)
\col@sep=\dimen173
\ar@mcellbox=\box53
\extrarowheight=\dimen174
\NC@list=\toks22
\extratabsurround=\skip51
\backup@length=\skip52
\ar@cellbox=\box54
)
(C:\Users\jpedr\AppData\Local\Programs\MiKTeX\tex/latex/amsmath\amsmath.sty
Package: amsmath 2025/07/09 v2.17z AMS math features
\@mathmargin=\skip53

For additional information on amsmath, use the `?' option.
(C:\Users\jpedr\AppData\Local\Programs\MiKTeX\tex/latex/amsmath\amstext.sty
Package: amstext 2024/11/17 v2.01 AMS text

(C:\Users\jpedr\AppData\Local\Programs\MiKTeX\tex/latex/amsmath\amsgen.sty
File: amsgen.sty 1999/11/30 v2.0 generic functions
\@emptytoks=\toks23
\ex@=\dimen175
))
(C:\Users\jpedr\AppData\Local\Programs\MiKTeX\tex/latex/amsmath\amsbsy.sty
Package: amsbsy 1999/11/29 v1.2d Bold Symbols
\pmbraise@=\dimen176
)
(C:\Users\jpedr\AppData\Local\Programs\MiKTeX\tex/latex/amsmath\amsopn.sty
Package: amsopn 2022/04/08 v2.04 operator names
)
\inf@bad=\count300
LaTeX Info: Redefining \frac on input line 233.
\uproot@=\count301
\leftroot@=\count302
LaTeX Info: Redefining \overline on input line 398.
LaTeX Info: Redefining \colon on input line 409.
\classnum@=\count303
\DOTSCASE@=\count304
LaTeX Info: Redefining \ldots on input line 495.
LaTeX Info: Redefining \dots on input line 498.
LaTeX Info: Redefining \cdots on input line 619.
\Mathstrutbox@=\box55
\strutbox@=\box56
LaTeX Info: Redefining \big on input line 721.
LaTeX Info: Redefining \Big on input line 722.
LaTeX Info: Redefining \bigg on input line 723.
LaTeX Info: Redefining \Bigg on input line 724.
\big@size=\dimen177
LaTeX Font Info:    Redeclaring font encoding OML on input line 742.
LaTeX Font Info:    Redeclaring font encoding OMS on input line 743.
\macc@depth=\count305
LaTeX Info: Redefining \bmod on input line 904.
LaTeX Info: Redefining \pmod on input line 909.
LaTeX Info: Redefining \smash on input line 939.
LaTeX Info: Redefining \relbar on input line 969.
LaTeX Info: Redefining \Relbar on input line 970.
\c@MaxMatrixCols=\count306
\dotsspace@=\muskip17
\c@parentequation=\count307
\dspbrk@lvl=\count308
\tag@help=\toks24
\row@=\count309
\column@=\count310
\maxfields@=\count311
\andhelp@=\toks25
\eqnshift@=\dimen178
\alignsep@=\dimen179
\tagshift@=\dimen180
\tagwidth@=\dimen181
\totwidth@=\dimen182
\lineht@=\dimen183
\@envbody=\toks26
\multlinegap=\skip54
\multlinetaggap=\skip55
\mathdisplay@stack=\toks27
LaTeX Info: Redefining \[ on input line 2950.
LaTeX Info: Redefining \] on input line 2951.
)
(C:\Users\jpedr\AppData\Local\Programs\MiKTeX\tex/latex/siunitx\siunitx.sty
Package: siunitx 2026-05-15 v3.5.5 A comprehensive (SI) units package
\l__siunitx_number_uncert_offset_int=\count312
\l__siunitx_number_exponent_fixed_int=\count313
\l__siunitx_number_min_decimal_int=\count314
\l__siunitx_number_min_integer_int=\count315
\l__siunitx_number_round_precision_int=\count316
\l__siunitx_number_lower_threshold_int=\count317
\l__siunitx_number_upper_threshold_int=\count318
\l__siunitx_number_group_first_int=\count319
\l__siunitx_number_group_size_int=\count320
\l__siunitx_number_group_min_int=\count321
\l__siunitx_number_group_minimum_int=\count322
\l__siunitx_compound_count_int=\count323

(C:\Users\jpedr\AppData\Local\Programs\MiKTeX\tex/latex/translations\translatio
ns.sty
Package: translations 2022/02/05 v1.12 internationalization of LaTeX2e packages
 (CN)

(C:\Users\jpedr\AppData\Local\Programs\MiKTeX\tex/generic/pdftexcmds\pdftexcmds
.sty
Package: pdftexcmds 2020-06-27 v0.33 Utility functions of pdfTeX for LuaTeX (HO
)

(C:\Users\jpedr\AppData\Local\Programs\MiKTeX\tex/generic/infwarerr\infwarerr.s
ty
Package: infwarerr 2019/12/03 v1.5 Providing info/warning/error messages (HO)
)
(C:\Users\jpedr\AppData\Local\Programs\MiKTeX\tex/generic/ltxcmds\ltxcmds.sty
Package: ltxcmds 2023-12-04 v1.26 LaTeX kernel commands for general use (HO)
)
Package pdftexcmds Info: \pdf@primitive is available.
Package pdftexcmds Info: \pdf@ifprimitive is available.
Package pdftexcmds Info: \pdfdraftmode found.
))
\l__siunitx_table_tmp_box=\box57
\l__siunitx_table_tmp_dim=\dimen184
\l__siunitx_table_column_width_dim=\dimen185
\l__siunitx_table_integer_box=\box58
\l__siunitx_table_decimal_box=\box59
\l__siunitx_table_uncert_box=\box60
\l__siunitx_table_before_box=\box61
\l__siunitx_table_after_box=\box62
\l__siunitx_table_before_dim=\dimen186
\l__siunitx_table_carry_dim=\dimen187
\l__siunitx_unit_tmp_int=\count324
\l__siunitx_unit_position_int=\count325
\l__siunitx_unit_total_int=\count326
\l__siunitx_sexagesimal_tmp_dim=\dimen188
\l__siunitx_sexagesimal_marker_box=\box63
\l__siunitx_sexagesimal_unit_box=\box64
) (C:\Users\jpedr\AppData\Local\Programs\MiKTeX\tex/latex/caption\caption.sty
Package: caption 2023/08/05 v3.6o Customizing captions (AR)

(C:\Users\jpedr\AppData\Local\Programs\MiKTeX\tex/latex/caption\caption3.sty
Package: caption3 2023/07/31 v2.4d caption3 kernel (AR)
\caption@tempdima=\dimen189
\captionmargin=\dimen190
\caption@leftmargin=\dimen191
\caption@rightmargin=\dimen192
\caption@width=\dimen193
\caption@indent=\dimen194
\caption@parindent=\dimen195
\caption@hangindent=\dimen196
Package caption Info: Standard document class detected.
)
\c@caption@flags=\count327
\c@continuedfloat=\count328
)
(C:\Users\jpedr\AppData\Local\Programs\MiKTeX\tex/latex/caption\subcaption.sty
Package: subcaption 2023/07/28 v1.6b Sub-captions (AR)
Package caption Info: New subtype `subfigure' on input line 238.
\c@subfigure=\count329
Package caption Info: New subtype `subtable' on input line 238.
\c@subtable=\count330
)
(C:\Users\jpedr\AppData\Local\Programs\MiKTeX\tex/latex/pgf/frontendlayer\tikz.
sty
(C:\Users\jpedr\AppData\Local\Programs\MiKTeX\tex/latex/pgf/basiclayer\pgf.sty
(C:\Users\jpedr\AppData\Local\Programs\MiKTeX\tex/latex/pgf/utilities\pgfrcs.st
y
(C:\Users\jpedr\AppData\Local\Programs\MiKTeX\tex/generic/pgf/utilities\pgfutil
-common.tex
\pgfutil@everybye=\toks28
\pgfutil@tempdima=\dimen197
\pgfutil@tempdimb=\dimen198
)
(C:\Users\jpedr\AppData\Local\Programs\MiKTeX\tex/generic/pgf/utilities\pgfutil
-latex.def
\pgfutil@abb=\box65
)
(C:\Users\jpedr\AppData\Local\Programs\MiKTeX\tex/generic/pgf/utilities\pgfrcs.
code.tex
(C:\Users\jpedr\AppData\Local\Programs\MiKTeX\tex/generic/pgf\pgf.revision.tex)
Package: pgfrcs 2025-08-29 v3.1.11a (3.1.11a)
))
Package: pgf 2025-08-29 v3.1.11a (3.1.11a)

(C:\Users\jpedr\AppData\Local\Programs\MiKTeX\tex/latex/pgf/basiclayer\pgfcore.
sty
(C:\Users\jpedr\AppData\Local\Programs\MiKTeX\tex/latex/pgf/systemlayer\pgfsys.
sty
(C:\Users\jpedr\AppData\Local\Programs\MiKTeX\tex/generic/pgf/systemlayer\pgfsy
s.code.tex
Package: pgfsys 2025-08-29 v3.1.11a (3.1.11a)

(C:\Users\jpedr\AppData\Local\Programs\MiKTeX\tex/generic/pgf/utilities\pgfkeys
.code.tex
\pgfkeys@pathtoks=\toks29
\pgfkeys@temptoks=\toks30

(C:\Users\jpedr\AppData\Local\Programs\MiKTeX\tex/generic/pgf/utilities\pgfkeys
libraryfiltered.code.tex
\pgfkeys@tmptoks=\toks31
))
\pgf@x=\dimen199
\pgf@y=\dimen256
\pgf@xa=\dimen257
\pgf@ya=\dimen258
\pgf@xb=\dimen259
\pgf@yb=\dimen260
\pgf@xc=\dimen261
\pgf@yc=\dimen262
\pgf@xd=\dimen263
\pgf@yd=\dimen264
\w@pgf@writea=\write3
\r@pgf@reada=\read3
\c@pgf@counta=\count331
\c@pgf@countb=\count332
\c@pgf@countc=\count333
\c@pgf@countd=\count334
\t@pgf@toka=\toks32
\t@pgf@tokb=\toks33
\t@pgf@tokc=\toks34
\pgf@sys@id@count=\count335

(C:\Users\jpedr\AppData\Local\Programs\MiKTeX\tex/generic/pgf/systemlayer\pgf.c
fg
File: pgf.cfg 2025-08-29 v3.1.11a (3.1.11a)
)
Driver file for pgf: pgfsys-pdftex.def

(C:\Users\jpedr\AppData\Local\Programs\MiKTeX\tex/generic/pgf/systemlayer\pgfsy
s-pdftex.def
File: pgfsys-pdftex.def 2025-08-29 v3.1.11a (3.1.11a)

(C:\Users\jpedr\AppData\Local\Programs\MiKTeX\tex/generic/pgf/systemlayer\pgfsy
s-common-pdf.def
File: pgfsys-common-pdf.def 2025-08-29 v3.1.11a (3.1.11a)
)))
(C:\Users\jpedr\AppData\Local\Programs\MiKTeX\tex/generic/pgf/systemlayer\pgfsy
ssoftpath.code.tex
File: pgfsyssoftpath.code.tex 2025-08-29 v3.1.11a (3.1.11a)
\pgfsyssoftpath@smallbuffer@items=\count336
\pgfsyssoftpath@bigbuffer@items=\count337
)
(C:\Users\jpedr\AppData\Local\Programs\MiKTeX\tex/generic/pgf/systemlayer\pgfsy
sprotocol.code.tex
File: pgfsysprotocol.code.tex 2025-08-29 v3.1.11a (3.1.11a)
))
(C:\Users\jpedr\AppData\Local\Programs\MiKTeX\tex/generic/pgf/basiclayer\pgfcor
e.code.tex
Package: pgfcore 2025-08-29 v3.1.11a (3.1.11a)

(C:\Users\jpedr\AppData\Local\Programs\MiKTeX\tex/generic/pgf/math\pgfmath.code
.tex
(C:\Users\jpedr\AppData\Local\Programs\MiKTeX\tex/generic/pgf/math\pgfmathutil.
code.tex)
(C:\Users\jpedr\AppData\Local\Programs\MiKTeX\tex/generic/pgf/math\pgfmathparse
r.code.tex
\pgfmath@dimen=\dimen265
\pgfmath@count=\count338
\pgfmath@box=\box66
\pgfmath@toks=\toks35
\pgfmath@stack@operand=\toks36
\pgfmath@stack@operation=\toks37
)
(C:\Users\jpedr\AppData\Local\Programs\MiKTeX\tex/generic/pgf/math\pgfmathfunct
ions.code.tex)
(C:\Users\jpedr\AppData\Local\Programs\MiKTeX\tex/generic/pgf/math\pgfmathfunct
ions.basic.code.tex)
(C:\Users\jpedr\AppData\Local\Programs\MiKTeX\tex/generic/pgf/math\pgfmathfunct
ions.trigonometric.code.tex)
(C:\Users\jpedr\AppData\Local\Programs\MiKTeX\tex/generic/pgf/math\pgfmathfunct
ions.random.code.tex)
(C:\Users\jpedr\AppData\Local\Programs\MiKTeX\tex/generic/pgf/math\pgfmathfunct
ions.comparison.code.tex)
(C:\Users\jpedr\AppData\Local\Programs\MiKTeX\tex/generic/pgf/math\pgfmathfunct
ions.base.code.tex)
(C:\Users\jpedr\AppData\Local\Programs\MiKTeX\tex/generic/pgf/math\pgfmathfunct
ions.round.code.tex)
(C:\Users\jpedr\AppData\Local\Programs\MiKTeX\tex/generic/pgf/math\pgfmathfunct
ions.misc.code.tex)
(C:\Users\jpedr\AppData\Local\Programs\MiKTeX\tex/generic/pgf/math\pgfmathfunct
ions.integerarithmetics.code.tex)
(C:\Users\jpedr\AppData\Local\Programs\MiKTeX\tex/generic/pgf/math\pgfmathcalc.
code.tex)
(C:\Users\jpedr\AppData\Local\Programs\MiKTeX\tex/generic/pgf/math\pgfmathfloat
.code.tex
\c@pgfmathroundto@lastzeros=\count339
))
(C:\Users\jpedr\AppData\Local\Programs\MiKTeX\tex/generic/pgf/math\pgfint.code.
tex)
(C:\Users\jpedr\AppData\Local\Programs\MiKTeX\tex/generic/pgf/basiclayer\pgfcor
epoints.code.tex
File: pgfcorepoints.code.tex 2025-08-29 v3.1.11a (3.1.11a)
\pgf@picminx=\dimen266
\pgf@picmaxx=\dimen267
\pgf@picminy=\dimen268
\pgf@picmaxy=\dimen269
\pgf@pathminx=\dimen270
\pgf@pathmaxx=\dimen271
\pgf@pathminy=\dimen272
\pgf@pathmaxy=\dimen273
\pgf@xx=\dimen274
\pgf@xy=\dimen275
\pgf@yx=\dimen276
\pgf@yy=\dimen277
\pgf@zx=\dimen278
\pgf@zy=\dimen279
)
(C:\Users\jpedr\AppData\Local\Programs\MiKTeX\tex/generic/pgf/basiclayer\pgfcor
epathconstruct.code.tex
File: pgfcorepathconstruct.code.tex 2025-08-29 v3.1.11a (3.1.11a)
\pgf@path@lastx=\dimen280
\pgf@path@lasty=\dimen281
)
(C:\Users\jpedr\AppData\Local\Programs\MiKTeX\tex/generic/pgf/basiclayer\pgfcor
epathusage.code.tex
File: pgfcorepathusage.code.tex 2025-08-29 v3.1.11a (3.1.11a)
\pgf@shorten@end@additional=\dimen282
\pgf@shorten@start@additional=\dimen283
)
(C:\Users\jpedr\AppData\Local\Programs\MiKTeX\tex/generic/pgf/basiclayer\pgfcor
escopes.code.tex
File: pgfcorescopes.code.tex 2025-08-29 v3.1.11a (3.1.11a)
\pgfpic=\box67
\pgf@hbox=\box68
\pgf@layerbox@main=\box69
\pgf@picture@serial@count=\count340
)
(C:\Users\jpedr\AppData\Local\Programs\MiKTeX\tex/generic/pgf/basiclayer\pgfcor
egraphicstate.code.tex
File: pgfcoregraphicstate.code.tex 2025-08-29 v3.1.11a (3.1.11a)
\pgflinewidth=\dimen284
)
(C:\Users\jpedr\AppData\Local\Programs\MiKTeX\tex/generic/pgf/basiclayer\pgfcor
etransformations.code.tex
File: pgfcoretransformations.code.tex 2025-08-29 v3.1.11a (3.1.11a)
\pgf@pt@x=\dimen285
\pgf@pt@y=\dimen286
\pgf@pt@temp=\dimen287
)
(C:\Users\jpedr\AppData\Local\Programs\MiKTeX\tex/generic/pgf/basiclayer\pgfcor
equick.code.tex
File: pgfcorequick.code.tex 2025-08-29 v3.1.11a (3.1.11a)
)
(C:\Users\jpedr\AppData\Local\Programs\MiKTeX\tex/generic/pgf/basiclayer\pgfcor
eobjects.code.tex
File: pgfcoreobjects.code.tex 2025-08-29 v3.1.11a (3.1.11a)
)
(C:\Users\jpedr\AppData\Local\Programs\MiKTeX\tex/generic/pgf/basiclayer\pgfcor
epathprocessing.code.tex
File: pgfcorepathprocessing.code.tex 2025-08-29 v3.1.11a (3.1.11a)
)
(C:\Users\jpedr\AppData\Local\Programs\MiKTeX\tex/generic/pgf/basiclayer\pgfcor
earrows.code.tex
File: pgfcorearrows.code.tex 2025-08-29 v3.1.11a (3.1.11a)
\pgfarrowsep=\dimen288
)
(C:\Users\jpedr\AppData\Local\Programs\MiKTeX\tex/generic/pgf/basiclayer\pgfcor
eshade.code.tex
File: pgfcoreshade.code.tex 2025-08-29 v3.1.11a (3.1.11a)
\pgf@max=\dimen289
\pgf@sys@shading@range@num=\count341
\pgf@shadingcount=\count342
)
(C:\Users\jpedr\AppData\Local\Programs\MiKTeX\tex/generic/pgf/basiclayer\pgfcor
eimage.code.tex
File: pgfcoreimage.code.tex 2025-08-29 v3.1.11a (3.1.11a)
)
(C:\Users\jpedr\AppData\Local\Programs\MiKTeX\tex/generic/pgf/basiclayer\pgfcor
eexternal.code.tex
File: pgfcoreexternal.code.tex 2025-08-29 v3.1.11a (3.1.11a)
\pgfexternal@startupbox=\box70
)
(C:\Users\jpedr\AppData\Local\Programs\MiKTeX\tex/generic/pgf/basiclayer\pgfcor
elayers.code.tex
File: pgfcorelayers.code.tex 2025-08-29 v3.1.11a (3.1.11a)
)
(C:\Users\jpedr\AppData\Local\Programs\MiKTeX\tex/generic/pgf/basiclayer\pgfcor
etransparency.code.tex
File: pgfcoretransparency.code.tex 2025-08-29 v3.1.11a (3.1.11a)
)
(C:\Users\jpedr\AppData\Local\Programs\MiKTeX\tex/generic/pgf/basiclayer\pgfcor
epatterns.code.tex
File: pgfcorepatterns.code.tex 2025-08-29 v3.1.11a (3.1.11a)
)
(C:\Users\jpedr\AppData\Local\Programs\MiKTeX\tex/generic/pgf/basiclayer\pgfcor
erdf.code.tex
File: pgfcorerdf.code.tex 2025-08-29 v3.1.11a (3.1.11a)
)))
(C:\Users\jpedr\AppData\Local\Programs\MiKTeX\tex/generic/pgf/modules\pgfmodule
shapes.code.tex
File: pgfmoduleshapes.code.tex 2025-08-29 v3.1.11a (3.1.11a)
\pgfnodeparttextbox=\box71
)
(C:\Users\jpedr\AppData\Local\Programs\MiKTeX\tex/generic/pgf/modules\pgfmodule
plot.code.tex
File: pgfmoduleplot.code.tex 2025-08-29 v3.1.11a (3.1.11a)
)
(C:\Users\jpedr\AppData\Local\Programs\MiKTeX\tex/latex/pgf/compatibility\pgfco
mp-version-0-65.sty
Package: pgfcomp-version-0-65 2025-08-29 v3.1.11a (3.1.11a)
\pgf@nodesepstart=\dimen290
\pgf@nodesepend=\dimen291
)
(C:\Users\jpedr\AppData\Local\Programs\MiKTeX\tex/latex/pgf/compatibility\pgfco
mp-version-1-18.sty
Package: pgfcomp-version-1-18 2025-08-29 v3.1.11a (3.1.11a)
))
(C:\Users\jpedr\AppData\Local\Programs\MiKTeX\tex/latex/pgf/utilities\pgffor.st
y
(C:\Users\jpedr\AppData\Local\Programs\MiKTeX\tex/latex/pgf/utilities\pgfkeys.s
ty
(C:\Users\jpedr\AppData\Local\Programs\MiKTeX\tex/generic/pgf/utilities\pgfkeys
.code.tex))
(C:\Users\jpedr\AppData\Local\Programs\MiKTeX\tex/latex/pgf/math\pgfmath.sty
(C:\Users\jpedr\AppData\Local\Programs\MiKTeX\tex/generic/pgf/math\pgfmath.code
.tex))
(C:\Users\jpedr\AppData\Local\Programs\MiKTeX\tex/generic/pgf/utilities\pgffor.
code.tex
Package: pgffor 2025-08-29 v3.1.11a (3.1.11a)
\pgffor@iter=\dimen292
\pgffor@skip=\dimen293
\pgffor@stack=\toks38
\pgffor@toks=\toks39
))
(C:\Users\jpedr\AppData\Local\Programs\MiKTeX\tex/generic/pgf/frontendlayer/tik
z\tikz.code.tex
Package: tikz 2025-08-29 v3.1.11a (3.1.11a)

(C:\Users\jpedr\AppData\Local\Programs\MiKTeX\tex/generic/pgf/libraries\pgflibr
aryplothandlers.code.tex
File: pgflibraryplothandlers.code.tex 2025-08-29 v3.1.11a (3.1.11a)
\pgf@plot@mark@count=\count343
\pgfplotmarksize=\dimen294
)
\tikz@lastx=\dimen295
\tikz@lasty=\dimen296
\tikz@lastxsaved=\dimen297
\tikz@lastysaved=\dimen298
\tikz@lastmovetox=\dimen299
\tikz@lastmovetoy=\dimen300
\tikzleveldistance=\dimen301
\tikzsiblingdistance=\dimen302
\tikz@figbox=\box72
\tikz@figbox@bg=\box73
\tikz@tempbox=\box74
\tikz@tempbox@bg=\box75
\tikztreelevel=\count344
\tikznumberofchildren=\count345
\tikznumberofcurrentchild=\count346
\tikz@fig@count=\count347

(C:\Users\jpedr\AppData\Local\Programs\MiKTeX\tex/generic/pgf/modules\pgfmodule
matrix.code.tex
File: pgfmodulematrix.code.tex 2025-08-29 v3.1.11a (3.1.11a)
\pgfmatrixcurrentrow=\count348
\pgfmatrixcurrentcolumn=\count349
\pgf@matrix@numberofcolumns=\count350
)
\tikz@expandcount=\count351

(C:\Users\jpedr\AppData\Local\Programs\MiKTeX\tex/generic/pgf/frontendlayer/tik
z/libraries\tikzlibrarytopaths.code.tex
File: tikzlibrarytopaths.code.tex 2025-08-29 v3.1.11a (3.1.11a)
)))
(C:\Users\jpedr\AppData\Local\Programs\MiKTeX\tex/generic/pgf/libraries\pgflibr
aryarrows.meta.code.tex
File: pgflibraryarrows.meta.code.tex 2025-08-29 v3.1.11a (3.1.11a)
\pgfarrowinset=\dimen303
\pgfarrowlength=\dimen304
\pgfarrowwidth=\dimen305
\pgfarrowlinewidth=\dimen306
)
(C:\Users\jpedr\AppData\Local\Programs\MiKTeX\tex/generic/pgf/frontendlayer/tik
z/libraries\tikzlibrarypositioning.code.tex
File: tikzlibrarypositioning.code.tex 2025-08-29 v3.1.11a (3.1.11a)
)
(C:\Users\jpedr\AppData\Local\Programs\MiKTeX\tex/generic/pgf/frontendlayer/tik
z/libraries\tikzlibraryshapes.geometric.code.tex
File: tikzlibraryshapes.geometric.code.tex 2025-08-29 v3.1.11a (3.1.11a)

(C:\Users\jpedr\AppData\Local\Programs\MiKTeX\tex/generic/pgf/libraries/shapes\
pgflibraryshapes.geometric.code.tex
File: pgflibraryshapes.geometric.code.tex 2025-08-29 v3.1.11a (3.1.11a)
))
(C:\Users\jpedr\AppData\Local\Programs\MiKTeX\tex/generic/pgf/frontendlayer/tik
z/libraries\tikzlibrarycalc.code.tex
File: tikzlibrarycalc.code.tex 2025-08-29 v3.1.11a (3.1.11a)
)
(C:\Users\jpedr\AppData\Local\Programs\MiKTeX\tex/generic/pgf/frontendlayer/tik
z/libraries\tikzlibraryfit.code.tex
File: tikzlibraryfit.code.tex 2025-08-29 v3.1.11a (3.1.11a)
)
(C:\Users\jpedr\AppData\Local\Programs\MiKTeX\tex/latex/float\float.sty
Package: float 2001/11/08 v1.3d Float enhancements (AL)
\c@float@type=\count352
\float@exts=\toks40
\float@box=\box76
\@float@everytoks=\toks41
\@floatcapt=\box77
)
(C:\Users\jpedr\AppData\Local\Programs\MiKTeX\tex/latex/colortbl\colortbl.sty
Package: colortbl 2026/05/01 v1.0l Color table columns (DPC)
\everycr=\toks42
\minrowclearance=\skip56
\rownum=\count353
)
(C:\Users\jpedr\AppData\Local\Programs\MiKTeX\tex/latex/listings\listings.sty
\lst@mode=\count354
\lst@gtempboxa=\box78
\lst@token=\toks43
\lst@length=\count355
\lst@currlwidth=\dimen307
\lst@column=\count356
\lst@pos=\count357
\lst@lostspace=\dimen308
\lst@width=\dimen309
\lst@newlines=\count358
\lst@lineno=\count359
\lst@maxwidth=\dimen310

(C:\Users\jpedr\AppData\Local\Programs\MiKTeX\tex/latex/listings\lstpatch.sty
File: lstpatch.sty 2025/11/14 1.11b (Carsten Heinz)
)
(C:\Users\jpedr\AppData\Local\Programs\MiKTeX\tex/latex/listings\lstmisc.sty
File: lstmisc.sty 2025/11/14 1.11b (Carsten Heinz)
\c@lstnumber=\count360
\lst@skipnumbers=\count361
\lst@framebox=\box79
)
(C:\Users\jpedr\AppData\Local\Programs\MiKTeX\tex/latex/listings\listings.cfg
File: listings.cfg 2025/11/14 1.11b listings configuration
))
Package: listings 2025/11/14 1.11b (Carsten Heinz)
==> First Aid for listings.sty no longer applied!
    Expected:
        2024/09/23 1.10c (Carsten Heinz)
    but found:
        2025/11/14 1.11b (Carsten Heinz)
    so I'm assuming it got fixed.
(C:\Users\jpedr\AppData\Local\Programs\MiKTeX\tex/latex/hyperref\hyperref.sty
Package: hyperref 2025-07-12 v7.01o Hypertext links for LaTeX

(C:\Users\jpedr\AppData\Local\Programs\MiKTeX\tex/latex/kvsetkeys\kvsetkeys.sty
Package: kvsetkeys 2022-10-05 v1.19 Key value parser (HO)
)
(C:\Users\jpedr\AppData\Local\Programs\MiKTeX\tex/generic/kvdefinekeys\kvdefine
keys.sty
Package: kvdefinekeys 2019-12-19 v1.6 Define keys (HO)
)
(C:\Users\jpedr\AppData\Local\Programs\MiKTeX\tex/generic/pdfescape\pdfescape.s
ty
Package: pdfescape 2019/12/09 v1.15 Implements pdfTeX's escape features (HO)
) (C:\Users\jpedr\AppData\Local\Programs\MiKTeX\tex/latex/hycolor\hycolor.sty
Package: hycolor 2020-01-27 v1.10 Color options for hyperref/bookmark (HO)
) (C:\Users\jpedr\AppData\Local\Programs\MiKTeX\tex/latex/hyperref\nameref.sty
Package: nameref 2025-06-21 v2.57 Cross-referencing by name of section

(C:\Users\jpedr\AppData\Local\Programs\MiKTeX\tex/latex/refcount\refcount.sty
Package: refcount 2019/12/15 v3.6 Data extraction from label references (HO)
)
(C:\Users\jpedr\AppData\Local\Programs\MiKTeX\tex/generic/gettitlestring\gettit
lestring.sty
Package: gettitlestring 2019/12/15 v1.6 Cleanup title references (HO)

(C:\Users\jpedr\AppData\Local\Programs\MiKTeX\tex/latex/kvoptions\kvoptions.sty
Package: kvoptions 2022-06-15 v3.15 Key value format for package options (HO)
))
\c@section@level=\count362
)
(C:\Users\jpedr\AppData\Local\Programs\MiKTeX\tex/generic/stringenc\stringenc.s
ty
Package: stringenc 2019/11/29 v1.12 Convert strings between diff. encodings (HO
)
)
\@linkdim=\dimen311
\Hy@linkcounter=\count363
\Hy@pagecounter=\count364
 (C:\Users\jpedr\AppData\Local\Programs\MiKTeX\tex/latex/hyperref\pd1enc.def
File: pd1enc.def 2025-07-12 v7.01o Hyperref: PDFDocEncoding definition (HO)
Now handling font encoding PD1 ...
... no UTF-8 mapping file for font encoding PD1
) (C:\Users\jpedr\AppData\Local\Programs\MiKTeX\tex/generic/intcalc\intcalc.sty
Package: intcalc 2019/12/15 v1.3 Expandable calculations with integers (HO)
)
\Hy@SavedSpaceFactor=\count365
 (C:\Users\jpedr\AppData\Local\Programs\MiKTeX\tex/latex/hyperref\puenc.def
File: puenc.def 2025-07-12 v7.01o Hyperref: PDF Unicode definition (HO)
Now handling font encoding PU ...
... no UTF-8 mapping file for font encoding PU
)
Package hyperref Info: Hyper figures OFF on input line 4195.
Package hyperref Info: Link nesting OFF on input line 4200.
Package hyperref Info: Hyper index ON on input line 4203.
Package hyperref Info: Plain pages OFF on input line 4210.
Package hyperref Info: Backreferencing OFF on input line 4215.
Package hyperref Info: Implicit mode ON; LaTeX internals redefined.
Package hyperref Info: Bookmarks ON on input line 4462.
\c@Hy@tempcnt=\count366

(C:\Users\jpedr\AppData\Local\Programs\MiKTeX\tex/latex/url\url.sty
\Urlmuskip=\muskip18
Package: url 2013/09/16  ver 3.4  Verb mode for urls, etc.
)
LaTeX Info: Redefining \url on input line 4801.
\XeTeXLinkMargin=\dimen312

(C:\Users\jpedr\AppData\Local\Programs\MiKTeX\tex/generic/bitset\bitset.sty
Package: bitset 2019/12/09 v1.3 Handle bit-vector datatype (HO)

(C:\Users\jpedr\AppData\Local\Programs\MiKTeX\tex/generic/bigintcalc\bigintcalc
.sty
Package: bigintcalc 2019/12/15 v1.5 Expandable calculations on big integers (HO
)
))
\Fld@menulength=\count367
\Field@Width=\dimen313
\Fld@charsize=\dimen314
Package hyperref Info: Hyper figures OFF on input line 6078.
Package hyperref Info: Link nesting OFF on input line 6083.
Package hyperref Info: Hyper index ON on input line 6086.
Package hyperref Info: backreferencing OFF on input line 6093.
Package hyperref Info: Link coloring OFF on input line 6098.
Package hyperref Info: Link coloring with OCG OFF on input line 6103.
Package hyperref Info: PDF/A mode OFF on input line 6108.
\Hy@abspage=\count368
\c@Item=\count369
\c@Hfootnote=\count370
)
Package hyperref Info: Driver (autodetected): hpdftex.

(C:\Users\jpedr\AppData\Local\Programs\MiKTeX\tex/latex/hyperref\hpdftex.def
File: hpdftex.def 2025-07-12 v7.01o Hyperref driver for pdfTeX
\Fld@listcount=\count371
\c@bookmark@seq@number=\count372

(C:\Users\jpedr\AppData\Local\Programs\MiKTeX\tex/latex/rerunfilecheck\rerunfil
echeck.sty
Package: rerunfilecheck 2025-06-21 v1.11 Rerun checks for auxiliary files (HO)

(C:\Users\jpedr\AppData\Local\Programs\MiKTeX\tex/generic/uniquecounter\uniquec
ounter.sty
Package: uniquecounter 2019/12/15 v1.4 Provide unlimited unique counter (HO)
)
Package uniquecounter Info: New unique counter `rerunfilecheck' on input line 2
84.
)
\Hy@SectionHShift=\skip57
)
(C:\Users\jpedr\AppData\Local\Programs\MiKTeX\tex/latex/cleveref\cleveref.sty
Package: cleveref 2018/03/27 v0.21.4 Intelligent cross-referencing
Package cleveref Info: `hyperref' support loaded on input line 2370.
LaTeX Info: Redefining \cref on input line 2370.
LaTeX Info: Redefining \Cref on input line 2370.
LaTeX Info: Redefining \crefrange on input line 2370.
LaTeX Info: Redefining \Crefrange on input line 2370.
LaTeX Info: Redefining \cpageref on input line 2370.
LaTeX Info: Redefining \Cpageref on input line 2370.
LaTeX Info: Redefining \cpagerefrange on input line 2370.
LaTeX Info: Redefining \Cpagerefrange on input line 2370.
LaTeX Info: Redefining \labelcref on input line 2370.
LaTeX Info: Redefining \labelcpageref on input line 2370.
Package cleveref Info: `listings' support loaded on input line 3131.
Package cleveref Info: include cross-reference names in hyperlinks on input lin
e 7836.
Package cleveref Info: include cross-reference names in hyperlinks on input lin
e 7852.
Package cleveref Info: no abbreviation of names on input line 7852.
)
==> First Aid for cleveref.sty applied!
(C:\Users\jpedr\AppData\Local\Programs\MiKTeX\tex/latex/biblatex\biblatex.sty
Package: biblatex 2025/07/10 v3.21 programmable bibliographies (PK/MW)

(C:\Users\jpedr\AppData\Local\Programs\MiKTeX\tex/latex/logreq\logreq.sty
Package: logreq 2010/08/04 v1.0 xml request logger
\lrq@indent=\count373

(C:\Users\jpedr\AppData\Local\Programs\MiKTeX\tex/latex/logreq\logreq.def
File: logreq.def 2010/08/04 v1.0 logreq spec v1.0
))
(C:\Users\jpedr\AppData\Local\Programs\MiKTeX\tex/latex/base\ifthen.sty
Package: ifthen 2024/03/16 v1.1e Standard LaTeX ifthen package (DPC)
)
\c@tabx@nest=\count374
\c@listtotal=\count375
\c@listcount=\count376
\c@liststart=\count377
\c@liststop=\count378
\c@citecount=\count379
\c@citetotal=\count380
\c@multicitecount=\count381
\c@multicitetotal=\count382
\c@instcount=\count383
\c@maxnames=\count384
\c@minnames=\count385
\c@maxitems=\count386
\c@minitems=\count387
\c@citecounter=\count388
\c@maxcitecounter=\count389
\c@savedcitecounter=\count390
\c@uniquelist=\count391
\c@uniquename=\count392
\c@refsection=\count393
\c@refsegment=\count394
\c@maxextratitle=\count395
\c@maxextratitleyear=\count396
\c@maxextraname=\count397
\c@maxextradate=\count398
\c@maxextraalpha=\count399
\c@abbrvpenalty=\count400
\c@highnamepenalty=\count401
\c@lownamepenalty=\count402
\c@maxparens=\count403
\c@parenlevel=\count404
\blx@tempcnta=\count405
\blx@tempcntb=\count406
\blx@tempcntc=\count407
\c@blx@maxsection=\count408
\blx@maxsegment@0=\count409
\blx@notetype=\count410
\blx@parenlevel@text=\count411
\blx@parenlevel@foot=\count412
\blx@sectionciteorder@0=\count413
\blx@sectionciteorderinternal@0=\count414
\blx@entrysetcounter=\count415
\blx@biblioinstance=\count416
\labelnumberwidth=\skip58
\labelalphawidth=\skip59
\biblabelsep=\skip60
\bibitemsep=\skip61
\bibnamesep=\skip62
\bibinitsep=\skip63
\bibparsep=\skip64
\bibhang=\skip65
\blx@bcfin=\read4
\blx@bcfout=\write4
\blx@langwohyphens=\language80
\c@mincomprange=\count417
\c@maxcomprange=\count418
\c@mincompwidth=\count419
Package biblatex Info: Trying to load biblatex default data model...
Package biblatex Info: ... file 'blx-dm.def' found.

(C:\Users\jpedr\AppData\Local\Programs\MiKTeX\tex/latex/biblatex\blx-dm.def
File: blx-dm.def 2025/07/10 v3.21 biblatex datamodel (PK/MW)
)
Package biblatex Info: Trying to load biblatex style data model...
Package biblatex Info: ... file 'numeric-comp.dbx' not found.
Package biblatex Info: Trying to load biblatex custom data model...
Package biblatex Info: ... file 'biblatex-dm.cfg' not found.
\c@afterword=\count420
\c@savedafterword=\count421
\c@annotator=\count422
\c@savedannotator=\count423
\c@author=\count424
\c@savedauthor=\count425
\c@bookauthor=\count426
\c@savedbookauthor=\count427
\c@commentator=\count428
\c@savedcommentator=\count429
\c@editor=\count430
\c@savededitor=\count431
\c@editora=\count432
\c@savededitora=\count433
\c@editorb=\count434
\c@savededitorb=\count435
\c@editorc=\count436
\c@savededitorc=\count437
\c@foreword=\count438
\c@savedforeword=\count439
\c@holder=\count440
\c@savedholder=\count441
\c@introduction=\count442
\c@savedintroduction=\count443
\c@namea=\count444
\c@savednamea=\count445
\c@nameb=\count446
\c@savednameb=\count447
\c@namec=\count448
\c@savednamec=\count449
\c@translator=\count450
\c@savedtranslator=\count451
\c@shortauthor=\count452
\c@savedshortauthor=\count453
\c@shorteditor=\count454
\c@savedshorteditor=\count455
\c@labelname=\count456
\c@savedlabelname=\count457
\c@institution=\count458
\c@savedinstitution=\count459
\c@lista=\count460
\c@savedlista=\count461
\c@listb=\count462
\c@savedlistb=\count463
\c@listc=\count464
\c@savedlistc=\count465
\c@listd=\count466
\c@savedlistd=\count467
\c@liste=\count468
\c@savedliste=\count469
\c@listf=\count470
\c@savedlistf=\count471
\c@location=\count472
\c@savedlocation=\count473
\c@organization=\count474
\c@savedorganization=\count475
\c@origlocation=\count476
\c@savedoriglocation=\count477
\c@origpublisher=\count478
\c@savedorigpublisher=\count479
\c@publisher=\count480
\c@savedpublisher=\count481
\c@language=\count482
\c@savedlanguage=\count483
\c@origlanguage=\count484
\c@savedoriglanguage=\count485
\c@pageref=\count486
\c@savedpageref=\count487
\shorthandwidth=\skip66
\shortjournalwidth=\skip67
\shortserieswidth=\skip68
\shorttitlewidth=\skip69
\shortauthorwidth=\skip70
\shorteditorwidth=\skip71
\locallabelnumberwidth=\skip72
\locallabelalphawidth=\skip73
\localshorthandwidth=\skip74
\localshortjournalwidth=\skip75
\localshortserieswidth=\skip76
\localshorttitlewidth=\skip77
\localshortauthorwidth=\skip78
\localshorteditorwidth=\skip79
Package biblatex Info: Trying to load compatibility code...
Package biblatex Info: ... file 'blx-compat.def' found.

(C:\Users\jpedr\AppData\Local\Programs\MiKTeX\tex/latex/biblatex\blx-compat.def
File: blx-compat.def 2025/07/10 v3.21 biblatex compatibility (PK/MW)
)
Package biblatex Info: Trying to load generic definitions...
Package biblatex Info: ... file 'biblatex.def' found.
 (C:\Users\jpedr\AppData\Local\Programs\MiKTeX\tex/latex/biblatex\biblatex.def
File: biblatex.def 2025/07/10 v3.21 biblatex compatibility (PK/MW)
\c@textcitecount=\count488
\c@textcitetotal=\count489
\c@textcitemaxnames=\count490
\c@biburlbigbreakpenalty=\count491
\c@biburlbreakpenalty=\count492
\c@biburlnumpenalty=\count493
\c@biburlucpenalty=\count494
\c@biburllcpenalty=\count495
\biburlbigskip=\muskip19
\biburlnumskip=\muskip20
\biburlucskip=\muskip21
\biburllcskip=\muskip22
\c@smartand=\count496
)
Package biblatex Info: Trying to load bibliography style 'numeric-comp'...
Package biblatex Info: ... file 'numeric-comp.bbx' found.

(C:\Users\jpedr\AppData\Local\Programs\MiKTeX\tex/latex/biblatex/bbx\numeric-co
mp.bbx
File: numeric-comp.bbx 2025/07/10 v3.21 biblatex bibliography style (PK/MW)
Package biblatex Info: Trying to load bibliography style 'numeric'...
Package biblatex Info: ... file 'numeric.bbx' found.

(C:\Users\jpedr\AppData\Local\Programs\MiKTeX\tex/latex/biblatex/bbx\numeric.bb
x
File: numeric.bbx 2025/07/10 v3.21 biblatex bibliography style (PK/MW)
Package biblatex Info: Trying to load bibliography style 'standard'...
Package biblatex Info: ... file 'standard.bbx' found.

(C:\Users\jpedr\AppData\Local\Programs\MiKTeX\tex/latex/biblatex/bbx\standard.b
bx
File: standard.bbx 2025/07/10 v3.21 biblatex bibliography style (PK/MW)
\c@bbx:relatedcount=\count497
\c@bbx:relatedtotal=\count498
)))
Package biblatex Info: Trying to load citation style 'numeric-comp'...
Package biblatex Info: ... file 'numeric-comp.cbx' found.

(C:\Users\jpedr\AppData\Local\Programs\MiKTeX\tex/latex/biblatex/cbx\numeric-co
mp.cbx
File: numeric-comp.cbx 2025/07/10 v3.21 biblatex citation style (PK/MW)
\c@cbx@tempcnta=\count499
\c@cbx@tempcntb=\count500
\c@cbx@tempcntc=\count501
\c@cbx@tempcntd=\count502
Package biblatex Info: Redefining '\cite'.
Package biblatex Info: Redefining '\parencite'.
Package biblatex Info: Redefining '\footcite'.
Package biblatex Info: Redefining '\footcitetext'.
Package biblatex Info: Redefining '\smartcite'.
Package biblatex Info: Redefining '\supercite'.
Package biblatex Info: Redefining '\textcite'.
Package biblatex Info: Redefining '\textcites'.
Package biblatex Info: Redefining '\cites'.
Package biblatex Info: Redefining '\parencites'.
Package biblatex Info: Redefining '\smartcites'.
)
Package biblatex Info: Trying to load configuration file...
Package biblatex Info: ... file 'biblatex.cfg' found.

(C:\Users\jpedr\AppData\Local\Programs\MiKTeX\tex/latex/biblatex\biblatex.cfg
File: biblatex.cfg 
)
Package biblatex Info: Input encoding 'utf8' detected.
Package biblatex Info: Document encoding is UTF8 ....

(C:\Users\jpedr\AppData\Local\Programs\MiKTeX\tex/latex/l3kernel\expl3.sty
Package: expl3 2025-12-24 L3 programming layer (loader) 

(C:\Users\jpedr\AppData\Local\Programs\MiKTeX\tex/latex/l3backend\l3backend-pdf
tex.def
File: l3backend-pdftex.def 2025-10-09 L3 backend support: PDF output (pdfTeX)
\l__color_backend_stack_int=\count503
))
Package biblatex Info: ... and expl3
(biblatex)             2025-12-24 L3 programming layer (loader) 
(biblatex)             is new enough (at least 2020/04/06),
(biblatex)             setting 'casechanger=expl3'.

(C:\Users\jpedr\AppData\Local\Programs\MiKTeX\tex/latex/biblatex\blx-case-expl3
.sty
(C:\Users\jpedr\AppData\Local\Programs\MiKTeX\tex/latex/l3packages/xparse\xpars
e.sty
Package: xparse 2025-10-09 L3 Experimental document command parser
)
Package: blx-case-expl3 2025/07/10 v3.21 expl3 case changing code for biblatex
))
Package hyperref Info: Option `colorlinks' set `true' on input line 55.
Package csquotes Info: Checking for multilingual support...
Package csquotes Info: ... found 'babel' package.
Package csquotes Info: Adjusting default style.
Package csquotes Info: Redefining alias 'default' -> 'portuguese'.
LaTeX Font Info:    Trying to load font information for OT1+lmr on input line 1
30.
 (C:\Users\jpedr\AppData\Local\Programs\MiKTeX\tex/latex/lm\ot1lmr.fd
File: ot1lmr.fd 2015/05/01 v1.6.1 Font defs for Latin Modern
)
(main.aux
Package babel Info: 'portuguese' activates 'portuges' shorthands.
(babel)             Reported on input line 9.
)
\openout1 = `main.aux'.

LaTeX Font Info:    Checking defaults for OML/cmm/m/it on input line 130.
LaTeX Font Info:    ... okay on input line 130.
LaTeX Font Info:    Checking defaults for OMS/cmsy/m/n on input line 130.
LaTeX Font Info:    ... okay on input line 130.
LaTeX Font Info:    Checking defaults for OT1/cmr/m/n on input line 130.
LaTeX Font Info:    ... okay on input line 130.
LaTeX Font Info:    Checking defaults for T1/cmr/m/n on input line 130.
LaTeX Font Info:    ... okay on input line 130.
LaTeX Font Info:    Checking defaults for TS1/cmr/m/n on input line 130.
LaTeX Font Info:    ... okay on input line 130.
LaTeX Font Info:    Checking defaults for OMX/cmex/m/n on input line 130.
LaTeX Font Info:    ... okay on input line 130.
LaTeX Font Info:    Checking defaults for U/cmr/m/n on input line 130.
LaTeX Font Info:    ... okay on input line 130.
LaTeX Font Info:    Checking defaults for PD1/pdf/m/n on input line 130.
LaTeX Font Info:    ... okay on input line 130.
LaTeX Font Info:    Checking defaults for PU/pdf/m/n on input line 130.
LaTeX Font Info:    ... okay on input line 130.

*geometry* driver: auto-detecting
*geometry* detected driver: pdftex
*geometry* verbose mode - [ preamble ] result:
* driver: pdftex
* paper: a4paper
* layout: <same size as paper>
* layoutoffset:(h,v)=(0.0pt,0.0pt)
* modes: 
* h-part:(L,W,R)=(71.13188pt, 455.24411pt, 71.13188pt)
* v-part:(T,H,B)=(71.13188pt, 702.78308pt, 71.13188pt)
* \paperwidth=597.50787pt
* \paperheight=845.04684pt
* \textwidth=455.24411pt
* \textheight=702.78308pt
* \oddsidemargin=-1.1381pt
* \evensidemargin=-1.1381pt
* \topmargin=-38.1381pt
* \headheight=12.0pt
* \headsep=25.0pt
* \topskip=12.0pt
* \footskip=30.0pt
* \marginparwidth=35.0pt
* \marginparsep=10.0pt
* \columnsep=10.0pt
* \skip\footins=10.8pt plus 4.0pt minus 2.0pt
* \hoffset=0.0pt
* \voffset=0.0pt
* \mag=1000
* \@twocolumnfalse
* \@twosidefalse
* \@mparswitchfalse
* \@reversemarginfalse
* (1in=72.27pt=25.4mm, 1cm=28.453pt)


(C:\Users\jpedr\AppData\Local\Programs\MiKTeX\tex/context/base/mkii\supp-pdf.mk
ii
[Loading MPS to PDF converter (version 2006.09.02).]
\scratchcounter=\count504
\scratchdimen=\dimen315
\scratchbox=\box80
\nofMPsegments=\count505
\nofMParguments=\count506
\everyMPshowfont=\toks44
\MPscratchCnt=\count507
\MPscratchDim=\dimen316
\MPnumerator=\count508
\makeMPintoPDFobject=\count509
\everyMPtoPDFconversion=\toks45
)
(C:\Users\jpedr\AppData\Local\Programs\MiKTeX\tex/latex/epstopdf-pkg\epstopdf-b
ase.sty
Package: epstopdf-base 2020-01-24 v2.11 Base part for package epstopdf
Package epstopdf-base Info: Redefining graphics rule for `.eps' on input line 4
85.

(C:\Users\jpedr\AppData\Local\Programs\MiKTeX\tex/latex/00miktex\epstopdf-sys.c
fg
File: epstopdf-sys.cfg 2021/03/18 v2.0 Configuration of epstopdf for MiKTeX
))
Package translations Info: no dictionary file `translations-basic-dictionary-po
rtuges.trsl' found. on input line 130.
Package caption Info: Begin \AtBeginDocument code.
Package caption Info: float package is loaded.
Package caption Info: hyperref package is loaded.
Package caption Info: listings package is loaded.
Package caption Info: End \AtBeginDocument code.
\c@lstlisting=\count510
Package hyperref Info: Link coloring ON on input line 130.
 (main.out) (main.out)
\@outlinefile=\write5
\openout5 = `main.out'.

Package biblatex Info: Trying to load language 'portuguese'...
Package biblatex Info: ... file 'portuguese.lbx' found.

(C:\Users\jpedr\AppData\Local\Programs\MiKTeX\tex/latex/biblatex/lbx\portuguese
.lbx
File: portuguese.lbx 2025/07/10 v3.21 biblatex localization (PK/MW)
)
Package biblatex Info: Input encoding 'utf8' detected.
Package biblatex Info: Automatic encoding selection.
(biblatex)             Assuming data encoding 'utf8'.
\openout4 = `main.bcf'.

Package biblatex Info: Trying to load bibliographic data...
Package biblatex Info: ... file 'main.bbl' found.
 (main.bbl)
Package biblatex Info: Reference section=0 on input line 130.
Package biblatex Info: Reference segment=0 on input line 130.
Package hyperref Info: Option `pageanchor' set `false' on input line 138.
<figuras/Logo_ISE/ISE_Cor.png, id=298, 848.23944pt x 445.83464pt>
File: figuras/Logo_ISE/ISE_Cor.png Graphic file (type png)
<use figuras/Logo_ISE/ISE_Cor.png>
Package pdftex.def Info: figuras/Logo_ISE/ISE_Cor.png  used on input line 152.
(pdftex.def)             Requested size: 218.51521pt x 114.8462pt.
 [1

{C:/Users/jpedr/AppData/Local/MiKTeX/fonts/map/pdftex/pdftex.map}{C:/Users/jped
r/AppData/Local/Programs/MiKTeX/fonts/enc/dvips/lm/lm-rm.enc} <./figuras/Logo_I
SE/ISE_Cor.png>]
Package hyperref Info: Option `pageanchor' set `true' on input line 162.
File: figuras/Logo_ISE/ISE_Cor.png Graphic file (type png)
<use figuras/Logo_ISE/ISE_Cor.png>
Package pdftex.def Info: figuras/Logo_ISE/ISE_Cor.png  used on input line 189.
(pdftex.def)             Requested size: 218.51521pt x 114.8462pt.
 [2

] [3


] [4

] [5

] (main.toc
LaTeX Font Info:    Trying to load font information for OML+lmm on input line 3
.

(C:\Users\jpedr\AppData\Local\Programs\MiKTeX\tex/latex/lm\omllmm.fd
File: omllmm.fd 2015/05/01 v1.6.1 Font defs for Latin Modern
)
LaTeX Font Info:    Trying to load font information for OMS+lmsy on input line 
3.

(C:\Users\jpedr\AppData\Local\Programs\MiKTeX\tex/latex/lm\omslmsy.fd
File: omslmsy.fd 2015/05/01 v1.6.1 Font defs for Latin Modern
)
LaTeX Font Info:    Trying to load font information for OMX+lmex on input line 
3.

(C:\Users\jpedr\AppData\Local\Programs\MiKTeX\tex/latex/lm\omxlmex.fd
File: omxlmex.fd 2015/05/01 v1.6.1 Font defs for Latin Modern
)
LaTeX Font Info:    External font `lmex10' loaded for size
(Font)              <12> on input line 3.
LaTeX Font Info:    External font `lmex10' loaded for size
(Font)              <8> on input line 3.
LaTeX Font Info:    External font `lmex10' loaded for size
(Font)              <6> on input line 3.
 [6


]
[7])
\tf@toc=\write6
\openout6 = `main.toc'.

 [8] [9


] [10{C:/Users/jpedr/AppData/Local/Programs/MiKTeX/fonts/enc/dvips/lm/lm-mathsy
.enc}] [11] (main.lof [12


]
LaTeX Font Info:    Trying to load font information for OT1+lmtt on input line 
60.

(C:\Users\jpedr\AppData\Local\Programs\MiKTeX\tex/latex/lm\ot1lmtt.fd
File: ot1lmtt.fd 2015/05/01 v1.6.1 Font defs for Latin Modern
) [13{C:/Users/jpedr/AppData/Local/Programs/MiKTeX/fonts/enc/dvips/lm/lm-mathit
.enc}{C:/Users/jpedr/AppData/Local/Programs/MiKTeX/fonts/enc/dvips/lm/lm-rmtt.e
nc}])
\tf@lof=\write7
\openout7 = `main.lof'.


[14] (main.lot)
\tf@lot=\write8
\openout8 = `main.lot'.

 [15


] (capitulos/01-introducao.tex
Cap\'{\i }tulo 1.
LaTeX Font Info:    Trying to load font information for TS1+lmr on input line 1
2.
(C:\Users\jpedr\AppData\Local\Programs\MiKTeX\tex/latex/lm\ts1lmr.fd
File: ts1lmr.fd 2015/05/01 v1.6.1 Font defs for Latin Modern
) [1


{C:/Users/jpedr/AppData/Local/Programs/MiKTeX/fonts/enc/dvips/lm/lm-ts1.enc}] [
2])
(capitulos/02-estado-da-arte.tex [3]
Cap\'{\i }tulo 2.
[4

]
<figuras/artigos/modelos_treino_broncoscopia.png, id=733, 1120.9378pt x 700.115
63pt>
File: figuras/artigos/modelos_treino_broncoscopia.png Graphic file (type png)
<use figuras/artigos/modelos_treino_broncoscopia.png>
Package pdftex.def Info: figuras/artigos/modelos_treino_broncoscopia.png  used 
on input line 14.
(pdftex.def)             Requested size: 391.51021pt x 244.53136pt.
 [5 <./figuras/artigos/modelos_treino_broncoscopia.png>] [6]
<figuras/artigos/broncoscopia_virtual_dunnbeltran.png, id=758, 254.45062pt x 25
2.945pt>
File: figuras/artigos/broncoscopia_virtual_dunnbeltran.png Graphic file (type p
ng)
<use figuras/artigos/broncoscopia_virtual_dunnbeltran.png>
Package pdftex.def Info: figuras/artigos/broncoscopia_virtual_dunnbeltran.png  
used on input line 58.
(pdftex.def)             Requested size: 336.88313pt x 334.9035pt.
<figuras/artigos/simulador_biologico_garner.png, id=761, 561.59813pt x 387.6984
4pt>
File: figuras/artigos/simulador_biologico_garner.png Graphic file (type png)
<use figuras/artigos/simulador_biologico_garner.png>
Package pdftex.def Info: figuras/artigos/simulador_biologico_garner.png  used o
n input line 65.
(pdftex.def)             Requested size: 345.98302pt x 238.84427pt.
 [7 <./figuras/artigos/broncoscopia_virtual_dunnbeltran.png>] [8 <./figuras/art
igos/simulador_biologico_garner.png>]
<figuras/artigos/workflow_modelos_3d.png, id=778, 1464.97313pt x 299.61937pt>
File: figuras/artigos/workflow_modelos_3d.png Graphic file (type png)
<use figuras/artigos/workflow_modelos_3d.png>
Package pdftex.def Info: figuras/artigos/workflow_modelos_3d.png  used on input
 line 88.
(pdftex.def)             Requested size: 418.82375pt x 85.65756pt.
 [9]
<figuras/artigos/modelos_multimaterial_broncoscopia.png, id=792, 675.27281pt x 
507.39563pt>
File: figuras/artigos/modelos_multimaterial_broncoscopia.png Graphic file (type
 png)
<use figuras/artigos/modelos_multimaterial_broncoscopia.png>
Package pdftex.def Info: figuras/artigos/modelos_multimaterial_broncoscopia.png
  used on input line 98.
(pdftex.def)             Requested size: 336.88313pt x 253.132pt.
 [10 <./figuras/artigos/workflow_modelos_3d.png (PNG copy)> <./figuras/artigos/
modelos_multimaterial_broncoscopia.png>]
<figuras/artigos/modelo_vias_colorizado.png, id=800, 722.7pt x 542.025pt>
File: figuras/artigos/modelo_vias_colorizado.png Graphic file (type png)
<use figuras/artigos/modelo_vias_colorizado.png>
Package pdftex.def Info: figuras/artigos/modelo_vias_colorizado.png  used on in
put line 107.
(pdftex.def)             Requested size: 309.56265pt x 232.17297pt.
<figuras/artigos/stent_aereo_personalizado.png, id=803, 1155.56718pt x 505.89pt
>
File: figuras/artigos/stent_aereo_personalizado.png Graphic file (type png)
<use figuras/artigos/stent_aereo_personalizado.png>
Package pdftex.def Info: figuras/artigos/stent_aereo_personalizado.png  used on
 input line 116.
(pdftex.def)             Requested size: 282.24911pt x 123.56203pt.
 [11 <./figuras/artigos/modelo_vias_colorizado.png (PNG copy)> <./figuras/artig
os/stent_aereo_personalizado.png (PNG copy)>] [12]
<figuras/fotos/movimento_respiratorio_arvore.png, id=823, 853.1875pt x 684.5575
pt>
File: figuras/fotos/movimento_respiratorio_arvore.png Graphic file (type png)
<use figuras/fotos/movimento_respiratorio_arvore.png>
Package pdftex.def Info: figuras/fotos/movimento_respiratorio_arvore.png  used 
on input line 140.
(pdftex.def)             Requested size: 282.24911pt x 226.46872pt.
<figuras/artigos/modelo_movimento_respiratorio_kim.png, id=824, 1547.7825pt x 6
95.59875pt>
File: figuras/artigos/modelo_movimento_respiratorio_kim.png Graphic file (type 
png)
<use figuras/artigos/modelo_movimento_respiratorio_kim.png>
Package pdftex.def Info: figuras/artigos/modelo_movimento_respiratorio_kim.png 
 used on input line 147.
(pdftex.def)             Requested size: 400.61703pt x 180.04474pt.
 [13 <./figuras/fotos/movimento_respiratorio_arvore.png (PNG copy)> <./figuras/
artigos/modelo_movimento_respiratorio_kim.png>] [14]
<figuras/artigos/tosse_pressao_andrani.png, id=843, 889.07156pt x 752.0597pt>
File: figuras/artigos/tosse_pressao_andrani.png Graphic file (type png)
<use figuras/artigos/tosse_pressao_andrani.png>
Package pdftex.def Info: figuras/artigos/tosse_pressao_andrani.png  used on inp
ut line 203.
(pdftex.def)             Requested size: 327.7763pt x 277.25935pt.
 [15 <./figuras/artigos/tosse_pressao_andrani.png (PNG copy)>]
<figuras/artigos/forcas_endoscopia_hosseinabadi.png, id=851, 1072.005pt x 683.5
5376pt>
File: figuras/artigos/forcas_endoscopia_hosseinabadi.png Graphic file (type png
)
<use figuras/artigos/forcas_endoscopia_hosseinabadi.png>
Package pdftex.def Info: figuras/artigos/forcas_endoscopia_hosseinabadi.png  us
ed on input line 217.
(pdftex.def)             Requested size: 318.66948pt x 203.19028pt.
<figuras/artigos/broncoscopio_balao_li.png, id=856, 660.21657pt x 864.98157pt>
File: figuras/artigos/broncoscopio_balao_li.png Graphic file (type png)
<use figuras/artigos/broncoscopio_balao_li.png>
Package pdftex.def Info: figuras/artigos/broncoscopio_balao_li.png  used on inp
ut line 226.
(pdftex.def)             Requested size: 318.66948pt x 417.50938pt.

[16 <./figuras/artigos/forcas_endoscopia_hosseinabadi.png (PNG copy)>] [17 <./f
iguras/artigos/broncoscopio_balao_li.png (PNG copy)>]
<figuras/artigos/modelo_dinamico_fu.png, id=872, 819.06pt x 182.93344pt>
File: figuras/artigos/modelo_dinamico_fu.png Graphic file (type png)
<use figuras/artigos/modelo_dinamico_fu.png>
Package pdftex.def Info: figuras/artigos/modelo_dinamico_fu.png  used on input 
line 238.
(pdftex.def)             Requested size: 300.46277pt x 67.10649pt.
 [18 <./figuras/artigos/modelo_dinamico_fu.png (PNG copy)>] [19])
(capitulos/03-desenvolvimento-hardware.tex [20]
Cap\'{\i }tulo 3.
[21

]
<figuras/fotos/cad_sistema_delta_hmi_crop.png, id=924, 1304.875pt x 692.5875pt>

File: figuras/fotos/cad_sistema_delta_hmi_crop.png Graphic file (type png)
<use figuras/fotos/cad_sistema_delta_hmi_crop.png>
Package pdftex.def Info: figuras/fotos/cad_sistema_delta_hmi_crop.png  used on 
input line 25.
(pdftex.def)             Requested size: 418.82375pt x 222.29831pt.
 [22 <./figuras/fotos/cad_sistema_delta_hmi_crop.png (PNG copy)>]
<figuras/fotos/laboratorio_impressao_3d.jpg, id=931, 4015.0pt x 2258.4375pt>
File: figuras/fotos/laboratorio_impressao_3d.jpg Graphic file (type jpg)
<use figuras/fotos/laboratorio_impressao_3d.jpg>
Package pdftex.def Info: figuras/fotos/laboratorio_impressao_3d.jpg  used on in
put line 37.
(pdftex.def)             Requested size: 355.08984pt x 199.73558pt.
 [23 <./figuras/fotos/laboratorio_impressao_3d.jpg>]
<figuras/fotos/modelo_stl_recovered_v15.png, id=936, 1927.2pt x 1084.05pt>
File: figuras/fotos/modelo_stl_recovered_v15.png Graphic file (type png)
<use figuras/fotos/modelo_stl_recovered_v15.png>
Package pdftex.def Info: figuras/fotos/modelo_stl_recovered_v15.png  used on in
put line 47.
(pdftex.def)             Requested size: 309.56265pt x 174.11319pt.
<figuras/fotos/fusion_forms_tspline.png, id=937, 1025.8325pt x 1074.0125pt>
File: figuras/fotos/fusion_forms_tspline.png Graphic file (type png)
<use figuras/fotos/fusion_forms_tspline.png>
Package pdftex.def Info: figuras/fotos/fusion_forms_tspline.png  used on input 
line 59.
(pdftex.def)             Requested size: 264.0424pt x 276.4343pt.
 [24 <./figuras/fotos/modelo_stl_recovered_v15.png>] [25 <./figuras/fotos/fusio
n_forms_tspline.png (PNG copy)>]
<figuras/fotos/meshmixer_captura_20260714.png, id=947, 1924.18875pt x 1145.2787
5pt>
File: figuras/fotos/meshmixer_captura_20260714.png Graphic file (type png)
<use figuras/fotos/meshmixer_captura_20260714.png>
Package pdftex.def Info: figuras/fotos/meshmixer_captura_20260714.png  used on 
input line 70.
(pdftex.def)             Requested size: 373.3035pt x 222.1838pt.

[26 <./figuras/fotos/meshmixer_captura_20260714.png (PNG copy)>]
<figuras/fotos/shore_hardness_scale.jpg, id=952, 979.40906pt x 556.32843pt>
File: figuras/fotos/shore_hardness_scale.jpg Graphic file (type jpg)
<use figuras/fotos/shore_hardness_scale.jpg>
Package pdftex.def Info: figuras/fotos/shore_hardness_scale.jpg  used on input 
line 82.
(pdftex.def)             Requested size: 409.71692pt x 232.72256pt.
 [27 <./figuras/fotos/shore_hardness_scale.jpg>] [28]
<figuras/artigos/sla_vat_photopolymerization_norra.png, id=972, 1505.625pt x 99
3.7125pt>
File: figuras/artigos/sla_vat_photopolymerization_norra.png Graphic file (type 
png)
<use figuras/artigos/sla_vat_photopolymerization_norra.png>
Package pdftex.def Info: figuras/artigos/sla_vat_photopolymerization_norra.png 
 used on input line 104.
(pdftex.def)             Requested size: 373.3035pt x 246.38052pt.
<figuras/fotos/impressao_bambulab.jpg, id=973, 4015.0pt x 3011.25pt>
File: figuras/fotos/impressao_bambulab.jpg Graphic file (type jpg)
<use figuras/fotos/impressao_bambulab.jpg>
Package pdftex.def Info: figuras/fotos/impressao_bambulab.jpg  used on input li
ne 113.
(pdftex.def)             Requested size: 355.08984pt x 266.31412pt.
 [29 <./figuras/artigos/sla_vat_photopolymerization_norra.png>] [30 <./figuras/
fotos/impressao_bambulab.jpg>]
<figuras/artigos/molde_silicone_prusa.jpg, id=984, 1027.84pt x 579.16376pt>
File: figuras/artigos/molde_silicone_prusa.jpg Graphic file (type jpg)
<use figuras/artigos/molde_silicone_prusa.jpg>
Package pdftex.def Info: figuras/artigos/molde_silicone_prusa.jpg  used on inpu
t line 134.
(pdftex.def)             Requested size: 282.24911pt x 159.03633pt.
 [31 <./figuras/artigos/molde_silicone_prusa.jpg>]
<figuras/artigos/fdm_suportes_plastico_unionfab.png, id=990, 898.35625pt x 599.
23875pt>
File: figuras/artigos/fdm_suportes_plastico_unionfab.png Graphic file (type png
)
<use figuras/artigos/fdm_suportes_plastico_unionfab.png>
Package pdftex.def Info: figuras/artigos/fdm_suportes_plastico_unionfab.png  us
ed on input line 148.
(pdftex.def)             Requested size: 291.35594pt x 194.34796pt.
 [32 <./figuras/artigos/fdm_suportes_plastico_unionfab.png>]
<figuras/fotos/impressao_fdm_suportes_vertical.jpg, id=999, 3011.25pt x 4015.0p
t>
File: figuras/fotos/impressao_fdm_suportes_vertical.jpg Graphic file (type jpg)

<use figuras/fotos/impressao_fdm_suportes_vertical.jpg>
Package pdftex.def Info: figuras/fotos/impressao_fdm_suportes_vertical.jpg  use
d on input line 176.
(pdftex.def)             Requested size: 227.62206pt x 303.44003pt.
 [33]
<figuras/fotos/impressao_fdm_modelo_suportes.jpg, id=1004, 4015.0pt x 3011.25pt
>
File: figuras/fotos/impressao_fdm_modelo_suportes.jpg Graphic file (type jpg)
<use figuras/fotos/impressao_fdm_modelo_suportes.jpg>
Package pdftex.def Info: figuras/fotos/impressao_fdm_modelo_suportes.jpg  used 
on input line 183.
(pdftex.def)             Requested size: 345.98302pt x 259.46788pt.
 [34 <./figuras/fotos/impressao_fdm_suportes_vertical.jpg> <./figuras/fotos/imp
ressao_fdm_modelo_suportes.jpg>]
<figuras/fotos/impressao_suportes_pla.jpg, id=1011, 2055.68pt x 1541.76pt>
File: figuras/fotos/impressao_suportes_pla.jpg Graphic file (type jpg)
<use figuras/fotos/impressao_suportes_pla.jpg>
Package pdftex.def Info: figuras/fotos/impressao_suportes_pla.jpg  used on inpu
t line 194.
(pdftex.def)             Requested size: 345.98302pt x 259.48442pt.
 [35 <./figuras/fotos/impressao_suportes_pla.jpg>] [36] [37]
<figuras/fotos/manipulador_delta_6eixos_jd.png, id=1024, 614.89725pt x 457.71pt
>
File: figuras/fotos/manipulador_delta_6eixos_jd.png Graphic file (type png)
<use figuras/fotos/manipulador_delta_6eixos_jd.png>
Package pdftex.def Info: figuras/fotos/manipulador_delta_6eixos_jd.png  used on
 input line 223.
(pdftex.def)             Requested size: 218.51521pt x 162.65231pt.
<figuras/fotos/manipulador_delta_3eixos_ik.png, id=1025, 1927.2pt x 1084.05pt>
File: figuras/fotos/manipulador_delta_3eixos_ik.png Graphic file (type png)
<use figuras/fotos/manipulador_delta_3eixos_ik.png>
Package pdftex.def Info: figuras/fotos/manipulador_delta_3eixos_ik.png  used on
 input line 229.
(pdftex.def)             Requested size: 218.51521pt x 122.90147pt.
 [38 <./figuras/fotos/manipulador_delta_6eixos_jd.png> <./figuras/fotos/manipul
ador_delta_3eixos_ik.png>]
LaTeX Font Info:    External font `lmex10' loaded for size
(Font)              <10.95> on input line 301.
 [39]
<figuras/fotos/protoboard_circuito_geral.jpg, id=1038, 4015.0pt x 3011.25pt>
File: figuras/fotos/protoboard_circuito_geral.jpg Graphic file (type jpg)
<use figuras/fotos/protoboard_circuito_geral.jpg>
Package pdftex.def Info: figuras/fotos/protoboard_circuito_geral.jpg  used on i
nput line 313.
(pdftex.def)             Requested size: 327.7763pt x 245.82135pt.
 [40 <./figuras/fotos/protoboard_circuito_geral.jpg>]
<figuras/artigos/ups_hat_x1209_thepihut.jpg, id=1044, 397.0879pt x 397.0879pt>
File: figuras/artigos/ups_hat_x1209_thepihut.jpg Graphic file (type jpg)
<use figuras/artigos/ups_hat_x1209_thepihut.jpg>
Package pdftex.def Info: figuras/artigos/ups_hat_x1209_thepihut.jpg  used on in
put line 323.
(pdftex.def)             Requested size: 264.0424pt x 264.05408pt.
 [41 <./figuras/artigos/ups_hat_x1209_thepihut.jpg>]
<figuras/fotos/protoboard_testes_eletronica.jpg, id=1051, 4015.0pt x 3011.25pt>

File: figuras/fotos/protoboard_testes_eletronica.jpg Graphic file (type jpg)
<use figuras/fotos/protoboard_testes_eletronica.jpg>
Package pdftex.def Info: figuras/fotos/protoboard_testes_eletronica.jpg  used o
n input line 338.
(pdftex.def)             Requested size: 336.88313pt x 252.62164pt.
 [42]
<figuras/fotos/pcb_drivers_servos.jpg, id=1056, 4015.0pt x 3011.25pt>
File: figuras/fotos/pcb_drivers_servos.jpg Graphic file (type jpg)
<use figuras/fotos/pcb_drivers_servos.jpg>
Package pdftex.def Info: figuras/fotos/pcb_drivers_servos.jpg  used on input li
ne 345.
(pdftex.def)             Requested size: 336.88313pt x 252.62164pt.
<figuras/fotos/pcb_driver_montagem_vertical.jpg, id=1057, 3011.25pt x 4015.0pt>

File: figuras/fotos/pcb_driver_montagem_vertical.jpg Graphic file (type jpg)
<use figuras/fotos/pcb_driver_montagem_vertical.jpg>
Package pdftex.def Info: figuras/fotos/pcb_driver_montagem_vertical.jpg  used o
n input line 352.
(pdftex.def)             Requested size: 209.41534pt x 279.17953pt.
 [43 <./figuras/fotos/protoboard_testes_eletronica.jpg> <./figuras/fotos/pcb_dr
ivers_servos.jpg>]
<figuras/fotos/pcb_esp32_montagem.jpg, id=1062, 4015.0pt x 3011.25pt>
File: figuras/fotos/pcb_esp32_montagem.jpg Graphic file (type jpg)
<use figuras/fotos/pcb_esp32_montagem.jpg>
Package pdftex.def Info: figuras/fotos/pcb_esp32_montagem.jpg  used on input li
ne 359.
(pdftex.def)             Requested size: 318.66948pt x 238.97511pt.
 [44 <./figuras/fotos/pcb_driver_montagem_vertical.jpg> <./figuras/fotos/pcb_es
p32_montagem.jpg>]
<figuras/fotos/suporte_validacao_20260515.jpg, id=1067, 4015.0pt x 3011.25pt>
File: figuras/fotos/suporte_validacao_20260515.jpg Graphic file (type jpg)
<use figuras/fotos/suporte_validacao_20260515.jpg>
Package pdftex.def Info: figuras/fotos/suporte_validacao_20260515.jpg  used on 
input line 372.
(pdftex.def)             Requested size: 327.7763pt x 245.82135pt.
<figuras/fotos/delta_estrutura_mecanica.jpg, id=1069, 4015.0pt x 3011.25pt>
File: figuras/fotos/delta_estrutura_mecanica.jpg Graphic file (type jpg)
<use figuras/fotos/delta_estrutura_mecanica.jpg>
Package pdftex.def Info: figuras/fotos/delta_estrutura_mecanica.jpg  used on in
put line 381.
(pdftex.def)             Requested size: 327.7763pt x 245.82135pt.
 [45 <./figuras/fotos/suporte_validacao_20260515.jpg>] [46 <./figuras/fotos/del
ta_estrutura_mecanica.jpg>]
<figuras/fotos/base_delta_20260524.jpg, id=1081, 4015.0pt x 3011.25pt>
File: figuras/fotos/base_delta_20260524.jpg Graphic file (type jpg)
<use figuras/fotos/base_delta_20260524.jpg>
Package pdftex.def Info: figuras/fotos/base_delta_20260524.jpg  used on input l
ine 394.
(pdftex.def)             Requested size: 327.7763pt x 245.82135pt.
<figuras/fotos/delta_servos_20260616.jpg, id=1082, 4015.0pt x 3011.25pt>
File: figuras/fotos/delta_servos_20260616.jpg Graphic file (type jpg)
<use figuras/fotos/delta_servos_20260616.jpg>
Package pdftex.def Info: figuras/fotos/delta_servos_20260616.jpg  used on input
 line 403.
(pdftex.def)             Requested size: 327.7763pt x 245.82135pt.
 [47 <./figuras/fotos/base_delta_20260524.jpg>]
<figuras/fotos/sistema_final_delta.jpg, id=1087, 2055.68pt x 1541.76pt>
File: figuras/fotos/sistema_final_delta.jpg Graphic file (type jpg)
<use figuras/fotos/sistema_final_delta.jpg>
Package pdftex.def Info: figuras/fotos/sistema_final_delta.jpg  used on input l
ine 412.
(pdftex.def)             Requested size: 327.7763pt x 245.8162pt.
 [48 <./figuras/fotos/delta_servos_20260616.jpg> <./figuras/fotos/sistema_final
_delta.jpg>]
<figuras/fotos/eletronica_integracao_final.jpg, id=1092, 4015.0pt x 3011.25pt>
File: figuras/fotos/eletronica_integracao_final.jpg Graphic file (type jpg)
<use figuras/fotos/eletronica_integracao_final.jpg>
Package pdftex.def Info: figuras/fotos/eletronica_integracao_final.jpg  used on
 input line 421.
(pdftex.def)             Requested size: 327.7763pt x 245.82135pt.
 [49 <./figuras/fotos/eletronica_integracao_final.jpg>])
(capitulos/04-desenvolvimento-software-configuracoes.tex
Cap\'{\i }tulo 4.

Overfull \hbox (43.47893pt too wide) in paragraph at lines 21--22
 [][] 
 []

[50


] [51]
Overfull \hbox (32.18005pt too wide) in paragraph at lines 37--38
\OT1/lmtt/m/n/12 FSM[]Serial[]Command\OT1/lmr/m/n/12 , a \OT1/lmtt/m/n/12 FSM[]
Tosse[]trigger\OT1/lmr/m/n/12 , a \OT1/lmtt/m/n/12 FSM[]Monitor[]trigger\OT1/lm
r/m/n/12 , a \OT1/lmtt/m/n/12 FSM[]Prepara[][]ao[]Tosse
 []

LaTeX Font Info:    External font `lmex10' loaded for size
(Font)              <5> on input line 138.
[52] [53]
Underfull \hbox (badness 1424) in paragraph at lines 148--149
\OT1/lmr/m/n/12 pira^^Xc~ao, ba-ti-mento card^^S^^Paco e vi-bra^^Xc~ao da tosse
) per-corre a res-pe-tiva tra-jet^^Soria
 []


Underfull \hbox (badness 1466) in paragraph at lines 148--149
\OT1/lmr/m/n/12 des-po-leta a tosse (\OT1/lmtt/m/n/12 sinal[]tossir\OT1/lmr/m/n
/12 ) pode ser ge-rado au-to-ma-ti-ca-mente pela fun^^Xc~ao
 []


Overfull \hbox (11.56895pt too wide) in paragraph at lines 148--149
\OT1/lmr/m/n/12 mando s^^Serie pro-ces-sado pela \OT1/lmtt/m/n/12 FSM[]Serial[]
Command\OT1/lmr/m/n/12 , ca-bendo de-pois ^^Ra \OT1/lmtt/m/n/12 FSM[]Prepara[][
]ao[]Tosse
 []

<figuras/fotos/ambiente_desenvolvimento.jpg, id=1120, 4015.0pt x 3011.25pt>
File: figuras/fotos/ambiente_desenvolvimento.jpg Graphic file (type jpg)
<use figuras/fotos/ambiente_desenvolvimento.jpg>
Package pdftex.def Info: figuras/fotos/ambiente_desenvolvimento.jpg  used on in
put line 156.
(pdftex.def)             Requested size: 355.08984pt x 266.31412pt.
[54

] [55 <./figuras/fotos/ambiente_desenvolvimento.jpg>]
Underfull \hbox (badness 4001) in paragraph at lines 171--171
[]|\OT1/lmr/m/n/12 Amplitude pre-
 []


Underfull \hbox (badness 10000) in paragraph at lines 173--174
[]|\OT1/lmr/m/n/12 Predominantemente
 []


Underfull \hbox (badness 10000) in paragraph at lines 173--174
\OT1/lmr/m/n/12 com-po-nente la-te-ral
 []


Underfull \hbox (badness 10000) in paragraph at lines 174--174
[]|\OT1/lmr/m/n/12 Batimento
 []


Underfull \hbox (badness 10000) in paragraph at lines 174--175
[]|\OT1/lmr/m/n/12 Compress~ao di-re-ci-o-nal
 []


Underfull \hbox (badness 10000) in paragraph at lines 174--175
\OT1/lmr/m/n/12 lo-ca-li-zada, com con-
 []


Underfull \hbox (badness 3579) in paragraph at lines 174--175
\OT1/lmr/m/n/12 tra^^Xc~ao breve e pausa
 []

File: figuras/fotos/movimento_respiratorio_arvore.png Graphic file (type png)
<use figuras/fotos/movimento_respiratorio_arvore.png>
Package pdftex.def Info: figuras/fotos/movimento_respiratorio_arvore.png  used 
on input line 184.
(pdftex.def)             Requested size: 264.0424pt x 211.85548pt.
[56

] [57] [58] [59{C:/Users/jpedr/AppData/Local/Programs/MiKTeX/fonts/enc/dvips/lm
/lm-mathex.enc}]
Overfull \hbox (54.97029pt too wide) in paragraph at lines 236--237
\OT1/lmr/m/n/12 Com to-das as ba-ses im-ple-men-ta-das, foi cons-tru^^S^^Pdo em
 torno de-las o m^^Sodulo \OT1/lmtt/m/n/12 calculo[]movimentos.py\OT1/lmr/m/n/1
2 ,
 []

[60]
<figuras/movimentos/movimento_batimento_2d.png, id=1163, 578.16pt x 433.62pt>
File: figuras/movimentos/movimento_batimento_2d.png Graphic file (type png)
<use figuras/movimentos/movimento_batimento_2d.png>
Package pdftex.def Info: figuras/movimentos/movimento_batimento_2d.png  used on
 input line 267.
(pdftex.def)             Requested size: 281.6821pt x 211.25822pt.
<figuras/movimentos/movimento_batimento_3d.png, id=1164, 578.16pt x 433.62pt>
File: figuras/movimentos/movimento_batimento_3d.png Graphic file (type png)
<use figuras/movimentos/movimento_batimento_3d.png>
Package pdftex.def Info: figuras/movimentos/movimento_batimento_3d.png  used on
 input line 282.
(pdftex.def)             Requested size: 282.24911pt x 211.68167pt.
 [61 <./figuras/movimentos/movimento_batimento_2d.png>] [62 <./figuras/moviment
os/movimento_batimento_3d.png>]
<figuras/movimentos/movimento_respiracao_2d.png, id=1179, 1178.4025pt x 1265.72
874pt>
File: figuras/movimentos/movimento_respiracao_2d.png Graphic file (type png)
<use figuras/movimentos/movimento_respiracao_2d.png>
Package pdftex.def Info: figuras/movimentos/movimento_respiracao_2d.png  used o
n input line 300.
(pdftex.def)             Requested size: 282.24911pt x 303.16307pt.
<figuras/movimentos/movimento_respiracao_3d.png, id=1180, 1178.4025pt x 1038.88
126pt>
File: figuras/movimentos/movimento_respiracao_3d.png Graphic file (type png)
<use figuras/movimentos/movimento_respiracao_3d.png>
Package pdftex.def Info: figuras/movimentos/movimento_respiracao_3d.png  used o
n input line 307.
(pdftex.def)             Requested size: 282.24911pt x 248.82933pt.
 [63 <./figuras/movimentos/movimento_respiracao_2d.png (PNG copy)> <./figuras/m
ovimentos/movimento_respiracao_3d.png>]
<figuras/movimentos/movimento_vibracao_tosse_2d.png, id=1186, 578.16pt x 433.62
pt>
File: figuras/movimentos/movimento_vibracao_tosse_2d.png Graphic file (type png
)
<use figuras/movimentos/movimento_vibracao_tosse_2d.png>
Package pdftex.def Info: figuras/movimentos/movimento_vibracao_tosse_2d.png  us
ed on input line 322.
(pdftex.def)             Requested size: 282.24911pt x 211.68167pt.
<figuras/movimentos/movimento_vibracao_tosse_3d.png, id=1187, 578.16pt x 433.62
pt>
File: figuras/movimentos/movimento_vibracao_tosse_3d.png Graphic file (type png
)
<use figuras/movimentos/movimento_vibracao_tosse_3d.png>
Package pdftex.def Info: figuras/movimentos/movimento_vibracao_tosse_3d.png  us
ed on input line 329.
(pdftex.def)             Requested size: 282.24911pt x 211.68167pt.

[64 <./figuras/movimentos/movimento_vibracao_tosse_2d.png>]
Underfull \hbox (badness 6542) in paragraph at lines 341--342
[]|\OT1/lmr/m/n/10.95 Par^ametros tem-po-rais e de
 []


Underfull \hbox (badness 10000) in paragraph at lines 343--343
[]|\OT1/lmr/m/n/10.95 Batimento
 []

[65 <./figuras/movimentos/movimento_vibracao_tosse_3d.png>]
LaTeX Font Info:    Font shape `OT1/lmtt/bx/n' in size <10.95> not available
(Font)              Font shape `OT1/lmtt/b/n' tried instead on input line 412.
 [66]
Underfull \hbox (badness 1024) in paragraph at lines 429--430
\OT1/lmr/m/n/12 que re-pre-senta uma inst^ancia em fun-ci-o-na-mento de uma tra
-jet^^Soria guar-dada em
 []

[67] [68] [69]

LaTeX Warning: `h' float specifier changed to `ht'.

[70] [71] [72] [73]
Overfull \hbox (68.29114pt too wide) in paragraph at lines 586--683
 [][] 
 []


LaTeX Warning: Float too large for page by 7.86095pt on input line 685.

[74]
LaTeX Font Info:    External font `lmex10' loaded for size
(Font)              <10> on input line 710.
LaTeX Font Info:    External font `lmex10' loaded for size
(Font)              <7> on input line 710.
 [75


]
Overfull \hbox (14.71579pt too wide) in paragraph at lines 728--729
 []\OT1/lmr/bx/n/12 Quarta etapa: fus~ao das co-or-de-na-das.[] \OT1/lmr/m/n/12
 A fun^^Xc~ao \OT1/lmtt/m/n/12 Fusao[]plus[]IK[]D1\OT1/lmr/m/n/12 /\OT1/lmtt/m/
n/12 Fusao[]plus[]IK[]D2
 []

[76] [77]
Overfull \hbox (46.74368pt too wide) in paragraph at lines 802--803
 []\OT1/lmr/bx/n/12 M^^Saquina de es-ta-dos de pre-para^^Xc~ao.[] \OT1/lmr/m/n/
12 Re-co-nhe-cido o si-nal de tosse, a \OT1/lmtt/m/n/12 FSM[]preparacao[]tosse(
)
 []

[78

] [79]
<figuras/convencao_angulo_delta_kinematics_library.png, id=1295, 547.04375pt x 
366.36874pt>
File: figuras/convencao_angulo_delta_kinematics_library.png Graphic file (type 
png)
<use figuras/convencao_angulo_delta_kinematics_library.png>
Package pdftex.def Info: figuras/convencao_angulo_delta_kinematics_library.png 
 used on input line 847.
(pdftex.def)             Requested size: 341.43307pt x 228.66684pt.
 [80

] [81 <./figuras/convencao_angulo_delta_kinematics_library.png (PNG copy)>]
<figuras/terminologia_manipulador_delta.png, id=1310, 620.91975pt x 419.76825pt
>
File: figuras/terminologia_manipulador_delta.png Graphic file (type png)
<use figuras/terminologia_manipulador_delta.png>
Package pdftex.def Info: figuras/terminologia_manipulador_delta.png  used on in
put line 863.
(pdftex.def)             Requested size: 341.43307pt x 230.822pt.
<figuras/variaveis_cinematica_inversa_lateral.png, id=1312, 606.46574pt x 373.9
9725pt>
File: figuras/variaveis_cinematica_inversa_lateral.png Graphic file (type png)
<use figuras/variaveis_cinematica_inversa_lateral.png>
Package pdftex.def Info: figuras/variaveis_cinematica_inversa_lateral.png  used
 on input line 872.
(pdftex.def)             Requested size: 373.3035pt x 230.21523pt.
 [82 <./figuras/terminologia_manipulador_delta.png>]
<figuras/angulo_120_servos.png, id=1320, 528.17325pt x 484.81125pt>
File: figuras/angulo_120_servos.png Graphic file (type png)
<use figuras/angulo_120_servos.png>
Package pdftex.def Info: figuras/angulo_120_servos.png  used on input line 891.

(pdftex.def)             Requested size: 250.38564pt x 229.82907pt.
 [83 <./figuras/variaveis_cinematica_inversa_lateral.png>]
<figuras/projecao_L2_cinematica_inversa.png, id=1328, 612.48825pt x 353.52075pt
>
File: figuras/projecao_L2_cinematica_inversa.png Graphic file (type png)
<use figuras/projecao_L2_cinematica_inversa.png>
Package pdftex.def Info: figuras/projecao_L2_cinematica_inversa.png  used on in
put line 947.
(pdftex.def)             Requested size: 341.43307pt x 197.07481pt.
 [84 <./figuras/angulo_120_servos.png>]
Underfull \hbox (badness 1540) in paragraph at lines 984--985
\OT1/lmr/m/n/12 princ^^S^^Ppio de in-ter-pola^^Xc~ao li-near j^^Sa uti-li-zado 
para cal-cu-lar a posi^^Xc~ao ins-tant^anea
 []

[85 <./figuras/projecao_L2_cinematica_inversa.png>] [86] [87]
LaTeX Font Info:    Trying to load font information for OMS+lmtt on input line 
1161.
LaTeX Font Info:    No file OMSlmtt.fd. on input line 1161.


LaTeX Font Warning: Font shape `OMS/lmtt/m/n' undefined
(Font)              using `OMS/cmsy/m/n' instead
(Font)              for symbol `textbackslash' on input line 1161.

[88] [89] [90] [91

] [92] [93] [94]
LaTeX Font Info:    Trying to load font information for OMS+lmr on input line 1
485.

(C:\Users\jpedr\AppData\Local\Programs\MiKTeX\tex/latex/lm\omslmr.fd
File: omslmr.fd 2015/05/01 v1.6.1 Font defs for Latin Modern
)
LaTeX Font Info:    Font shape `OMS/lmr/m/n' in size <8> not available
(Font)              Font shape `OMS/lmsy/m/n' tried instead on input line 1485.

 [95]
[96




] [97]
<figuras/fotos/hmi_ecra_principal.jpg, id=1407, 2055.68pt x 1541.76pt>
File: figuras/fotos/hmi_ecra_principal.jpg Graphic file (type jpg)
<use figuras/fotos/hmi_ecra_principal.jpg>
Package pdftex.def Info: figuras/fotos/hmi_ecra_principal.jpg  used on input li
ne 1521.
(pdftex.def)             Requested size: 355.08984pt x 266.30676pt.
 [98 <./figuras/fotos/hmi_ecra_principal.jpg>] [99] [100] [101]
[102


] [103] [104]) (capitulos/05-testes-analise-resultados.tex
Cap\'{\i }tulo 5.
[105



]
<figuras/resultados/teste_delta_linear_x.png, id=1448, 520.344pt x 361.35pt>
File: figuras/resultados/teste_delta_linear_x.png Graphic file (type png)
<use figuras/resultados/teste_delta_linear_x.png>
Package pdftex.def Info: figuras/resultados/teste_delta_linear_x.png  used on i
nput line 54.
(pdftex.def)             Requested size: 218.51521pt x 151.74942pt.
<figuras/resultados/teste_delta_linear_y.png, id=1449, 520.344pt x 361.35pt>
File: figuras/resultados/teste_delta_linear_y.png Graphic file (type png)
<use figuras/resultados/teste_delta_linear_y.png>
Package pdftex.def Info: figuras/resultados/teste_delta_linear_y.png  used on i
nput line 60.
(pdftex.def)             Requested size: 218.51521pt x 151.74942pt.
<figuras/resultados/teste_delta_linear_z.png, id=1450, 520.344pt x 361.35pt>
File: figuras/resultados/teste_delta_linear_z.png Graphic file (type png)
<use figuras/resultados/teste_delta_linear_z.png>
Package pdftex.def Info: figuras/resultados/teste_delta_linear_z.png  used on i
nput line 68.
(pdftex.def)             Requested size: 218.51521pt x 151.74942pt.
 [106] [107 <./figuras/resultados/teste_delta_linear_x.png> <./figuras/resultad
os/teste_delta_linear_y.png> <./figuras/resultados/teste_delta_linear_z.png>]
<figuras/resultados/teste_batimento_frequencia.png, id=1465, 549.252pt x 361.35
pt>
File: figuras/resultados/teste_batimento_frequencia.png Graphic file (type png)

<use figuras/resultados/teste_batimento_frequencia.png>
Package pdftex.def Info: figuras/resultados/teste_batimento_frequencia.png  use
d on input line 118.
(pdftex.def)             Requested size: 336.88313pt x 221.63069pt.
 [108] [109 <./figuras/resultados/teste_batimento_frequencia.png>]
<figuras/resultados/teste_respiracao_frequencia.png, id=1477, 549.252pt x 361.3
5pt>
File: figuras/resultados/teste_respiracao_frequencia.png Graphic file (type png
)
<use figuras/resultados/teste_respiracao_frequencia.png>
Package pdftex.def Info: figuras/resultados/teste_respiracao_frequencia.png  us
ed on input line 158.
(pdftex.def)             Requested size: 336.88313pt x 221.63069pt.
 [110 <./figuras/resultados/teste_respiracao_frequencia.png>]
<figuras/fotos/ensaio_clinico_geral.jpg, id=1484, 4015.0pt x 3011.25pt>
File: figuras/fotos/ensaio_clinico_geral.jpg Graphic file (type jpg)
<use figuras/fotos/ensaio_clinico_geral.jpg>
Package pdftex.def Info: figuras/fotos/ensaio_clinico_geral.jpg  used on input 
line 178.
(pdftex.def)             Requested size: 218.51521pt x 163.85027pt.
<figuras/fotos/ensaio_clinico_endoscopia.jpg, id=1485, 851.18pt x 479.7925pt>
File: figuras/fotos/ensaio_clinico_endoscopia.jpg Graphic file (type jpg)
<use figuras/fotos/ensaio_clinico_endoscopia.jpg>
Package pdftex.def Info: figuras/fotos/ensaio_clinico_endoscopia.jpg  used on i
nput line 184.
(pdftex.def)             Requested size: 218.51521pt x 123.16907pt.
 [111 <./figuras/fotos/ensaio_clinico_geral.jpg> <./figuras/fotos/ensaio_clinic
o_endoscopia.jpg>])
(capitulos/06-conclusao.tex [112]
Cap\'{\i }tulo 6.
<figuras/fotos/conclusao_inicio_modelo_video.jpg, id=1495, 851.18pt x 479.7925p
t>
File: figuras/fotos/conclusao_inicio_modelo_video.jpg Graphic file (type jpg)
<use figuras/fotos/conclusao_inicio_modelo_video.jpg>
Package pdftex.def Info: figuras/fotos/conclusao_inicio_modelo_video.jpg  used 
on input line 8.
(pdftex.def)             Requested size: 218.51521pt x 123.16907pt.
<figuras/fotos/conclusao_final_modelo_video.jpg, id=1496, 851.18pt x 479.7925pt
>
File: figuras/fotos/conclusao_final_modelo_video.jpg Graphic file (type jpg)
<use figuras/fotos/conclusao_final_modelo_video.jpg>
Package pdftex.def Info: figuras/fotos/conclusao_final_modelo_video.jpg  used o
n input line 14.
(pdftex.def)             Requested size: 218.51521pt x 123.16907pt.
<figuras/fotos/cad_sistema_final.png, id=1497, 1927.2pt x 1084.05pt>
File: figuras/fotos/cad_sistema_final.png Graphic file (type png)
<use figuras/fotos/cad_sistema_final.png>
Package pdftex.def Info: figuras/fotos/cad_sistema_final.png  used on input lin
e 27.
(pdftex.def)             Requested size: 373.3035pt x 209.97462pt.
[113

 <./figuras/fotos/conclusao_inicio_modelo_video.jpg> <./figuras/fotos/conclusao
_final_modelo_video.jpg>] [114 <./figuras/fotos/cad_sistema_final.png>]
[115]) [116] [117

{C:/Users/jpedr/AppData/Local/Programs/MiKTeX/fonts/enc/dvips/lm/lm-rmsc.enc}] 
[118]
Underfull \hbox (badness 1769) in paragraph at lines 296--296
[]\OT1/lmr/m/n/12 Stephen Dubsky et al. []  Car-di-o-ge-nic Air-flow in the Lun
g Re-ve-a-led Using
 []

[119] [120]
Underfull \hbox (badness 2080) in paragraph at lines 296--296
[]\OT1/lmr/m/n/12 EPO. \OT1/lmr/m/it/12 En-sem-ble d'apprentissage et si-mu-la-
teur de torse de nour-ris-son pour
 []

[121] (anexos/anexos.tex [122]
(C:\Users\jpedr\AppData\Local\Programs\MiKTeX\tex/latex/listings\lstlang1.sty
File: lstlang1.sty 2025/11/14 1.11b listings language file
)
(C:\Users\jpedr\AppData\Local\Programs\MiKTeX\tex/latex/listings\lstlang1.sty
File: lstlang1.sty 2025/11/14 1.11b listings language file
)
(C:\Users\jpedr\AppData\Local\Programs\MiKTeX\tex/latex/listings\lstmisc.sty
File: lstmisc.sty 2025/11/14 1.11b (Carsten Heinz)
)
Package hyperref Info: bookmark level for unknown lstlisting defaults to 0 on i
nput line 10.

(../../PlatformIO/src/main.cpp [123


] [124] [125] [126] [127] [128] [129]
[130] [131] [132] [133] [134] [135] [136] [137] [138] [139] [140] [141]
[142] [143] [144]
Overfull \hbox (202.25589pt too wide) in paragraph at lines 1313--1315
[][][][] 
 []

[145] [146] [147] [148] [149] [150] [151] [152] [153] [154] [155])) [156]
(main.aux)
 ***********
LaTeX2e <2025-11-01>
L3 programming layer <2025-12-24>
 ***********


LaTeX Font Warning: Some font shapes were not available, defaults substituted.

Package rerunfilecheck Info: File `main.out' has not changed.
(rerunfilecheck)             Checksum: 493EA258C4D3178F3F9401682D252D1F;14714.
Package logreq Info: Writing requests to 'main.run.xml'.
\openout1 = `main.run.xml'.

 ) 
Here is how much of TeX's memory you used:
 45854 strings out of 467871
 932723 string characters out of 5418376
 2294319 words of memory out of 5000000
 71780 multiletter control sequences out of 15000+600000
 702258 words of font info for 89 fonts, out of 8000000 for 9000
 1141 hyphenation exceptions out of 8191
 84i,14n,94p,2091b,6789s stack positions out of 10000i,1000n,20000p,200000b,200000s
<C:/Users/jpedr/AppData/Local/Programs/MiKTeX/fonts/type1/public/amsfonts/cm/
cmsy6.pfb><C:/Users/jpedr/AppData/Local/Programs/MiKTeX/fonts/type1/public/lm/l
mbx10.pfb><C:/Users/jpedr/AppData/Local/Programs/MiKTeX/fonts/type1/public/lm/l
mbx12.pfb><C:/Users/jpedr/AppData/Local/Programs/MiKTeX/fonts/type1/public/lm/l
mbx6.pfb><C:/Users/jpedr/AppData/Local/Programs/MiKTeX/fonts/type1/public/lm/lm
bx8.pfb><C:/Users/jpedr/AppData/Local/Programs/MiKTeX/fonts/type1/public/lm/lmc
sc10.pfb><C:/Users/jpedr/AppData/Local/Programs/MiKTeX/fonts/type1/public/lm/lm
ex10.pfb><C:/Users/jpedr/AppData/Local/Programs/MiKTeX/fonts/type1/public/lm/lm
mi10.pfb><C:/Users/jpedr/AppData/Local/Programs/MiKTeX/fonts/type1/public/lm/lm
mi12.pfb><C:/Users/jpedr/AppData/Local/Programs/MiKTeX/fonts/type1/public/lm/lm
mi6.pfb><C:/Users/jpedr/AppData/Local/Programs/MiKTeX/fonts/type1/public/lm/lmm
i7.pfb><C:/Users/jpedr/AppData/Local/Programs/MiKTeX/fonts/type1/public/lm/lmmi
8.pfb><C:/Users/jpedr/AppData/Local/Programs/MiKTeX/fonts/type1/public/lm/lmr10
.pfb><C:/Users/jpedr/AppData/Local/Programs/MiKTeX/fonts/type1/public/lm/lmr12.
pfb><C:/Users/jpedr/AppData/Local/Programs/MiKTeX/fonts/type1/public/lm/lmr17.p
fb><C:/Users/jpedr/AppData/Local/Programs/MiKTeX/fonts/type1/public/lm/lmr6.pfb
><C:/Users/jpedr/AppData/Local/Programs/MiKTeX/fonts/type1/public/lm/lmr8.pfb><
C:/Users/jpedr/AppData/Local/Programs/MiKTeX/fonts/type1/public/lm/lmri12.pfb><
C:/Users/jpedr/AppData/Local/Programs/MiKTeX/fonts/type1/public/lm/lmsy10.pfb><
C:/Users/jpedr/AppData/Local/Programs/MiKTeX/fonts/type1/public/lm/lmsy6.pfb><C
:/Users/jpedr/AppData/Local/Programs/MiKTeX/fonts/type1/public/lm/lmsy8.pfb><C:
/Users/jpedr/AppData/Local/Programs/MiKTeX/fonts/type1/public/lm/lmtk10.pfb><C:
/Users/jpedr/AppData/Local/Programs/MiKTeX/fonts/type1/public/lm/lmtt10.pfb><C:
/Users/jpedr/AppData/Local/Programs/MiKTeX/fonts/type1/public/lm/lmtt12.pfb><C:
/Users/jpedr/AppData/Local/Programs/MiKTeX/fonts/type1/public/lm/lmtt8.pfb><C:/
Users/jpedr/AppData/Local/Programs/MiKTeX/fonts/type1/public/lm/lmtti10.pfb>
Output written on main.pdf (171 pages, 67452539 bytes).
PDF statistics:
 4328 PDF objects out of 5155 (max. 8388607)
 2392 named destinations out of 2487 (max. 500000)
 917 words of extra memory for PDF output out of 10000 (max. 10000000)

